........................................................................ [ 18%]
.............................FFFF...F......F............................ [ 36%]
........................................................................ [ 54%]
........................................................................ [ 72%]
........................................................................ [ 90%]
......................................                                   [100%]
=================================== FAILURES ===================================
_ test_reviewed_background_same_item_keeps_all_current_request_evidence[This is a private study of artifact production.-Create the required document at index.html.] _
tests/test_c3_admitted_source_facets.py:210: in test_reviewed_background_same_item_keeps_all_current_request_evidence
    assert len(oracle.calls) == 1 and oracle.review_calls == 1
E   assert (2 == 1)
E    +  where 2 = len([None, '{"schema":"fulfillment-validation-feedback-v2","inventory_fingerprint":"a4065528259d93eddd1b739833c014d4449089...],"additional_violation_count":0,"not_evaluable":["INDEPENDENT_SEMANTIC_REVIEW","ACTUAL_OWNER_EVIDENCE","ASSURANCE"]}'])
E    +    where [None, '{"schema":"fulfillment-validation-feedback-v2","inventory_fingerprint":"a4065528259d93eddd1b739833c014d4449089...],"additional_violation_count":0,"not_evaluable":["INDEPENDENT_SEMANTIC_REVIEW","ACTUAL_OWNER_EVIDENCE","ASSURANCE"]}'] = <tests.test_c3_fulfillment_components.ReviewedOracle object at 0x7fb0ec745d10>.calls
_ test_reviewed_background_same_item_keeps_all_current_request_evidence[This exercise concerns a static software artifact.-Produce the original requested content at index.html.] _
tests/test_c3_admitted_source_facets.py:210: in test_reviewed_background_same_item_keeps_all_current_request_evidence
    assert len(oracle.calls) == 1 and oracle.review_calls == 1
E   assert (2 == 1)
E    +  where 2 = len([None, '{"schema":"fulfillment-validation-feedback-v2","inventory_fingerprint":"ae63d19888981708b2c6b39802b7511d2a443b...],"additional_violation_count":0,"not_evaluable":["INDEPENDENT_SEMANTIC_REVIEW","ACTUAL_OWNER_EVIDENCE","ASSURANCE"]}'])
E    +    where [None, '{"schema":"fulfillment-validation-feedback-v2","inventory_fingerprint":"ae63d19888981708b2c6b39802b7511d2a443b...],"additional_violation_count":0,"not_evaluable":["INDEPENDENT_SEMANTIC_REVIEW","ACTUAL_OWNER_EVIDENCE","ASSURANCE"]}'] = <tests.test_c3_fulfillment_components.ReviewedOracle object at 0x7fb0ec745e50>.calls
_ test_reviewed_background_same_item_keeps_all_current_request_evidence[\u8fd9\u662f\u9694\u79bb\u73af\u5883\u91cc\u7684\u8f6f\u4ef6\u751f\u4ea7\u8bf4\u660e\u3002-\u8bf7\u5728 index.html \u751f\u6210\u5df2\u786e\u8ba4\u7684\u9875\u9762\u3002] _
tests/test_c3_admitted_source_facets.py:210: in test_reviewed_background_same_item_keeps_all_current_request_evidence
    assert len(oracle.calls) == 1 and oracle.review_calls == 1
E   assert (2 == 1)
E    +  where 2 = len([None, '{"schema":"fulfillment-validation-feedback-v2","inventory_fingerprint":"63d98b90789701320e24acbf948676e5e0e61b...],"additional_violation_count":0,"not_evaluable":["INDEPENDENT_SEMANTIC_REVIEW","ACTUAL_OWNER_EVIDENCE","ASSURANCE"]}'])
E    +    where [None, '{"schema":"fulfillment-validation-feedback-v2","inventory_fingerprint":"63d98b90789701320e24acbf948676e5e0e61b...],"additional_violation_count":0,"not_evaluable":["INDEPENDENT_SEMANTIC_REVIEW","ACTUAL_OWNER_EVIDENCE","ASSURANCE"]}'] = <tests.test_c3_fulfillment_components.ReviewedOracle object at 0x7fb0ec2b9ba0>.calls
_ test_reviewed_background_cannot_hide_current_request_fact_or_authority[request] _
tests/test_c3_admitted_source_facets.py:255: in test_reviewed_background_cannot_hide_current_request_fact_or_authority
    with pytest.raises(ValueError, match="OBLIGATION_"):
         ^^^^^^^^^^^^^^^^^^^^^^^^^^^^^^^^^^^^^^^^^^^^^^
E   Failed: DID NOT RAISE ValueError
_ test_reviewed_background_cannot_hide_current_request_fact_or_authority[fact] _
tests/test_c3_admitted_source_facets.py:255: in test_reviewed_background_cannot_hide_current_request_fact_or_authority
    with pytest.raises(ValueError, match="OBLIGATION_"):
         ^^^^^^^^^^^^^^^^^^^^^^^^^^^^^^^^^^^^^^^^^^^^^^
E   Failed: DID NOT RAISE ValueError
_ test_background_cannot_hide_current_fact_governed_span_when_main_span_is_elsewhere _
tests/test_c3_admitted_source_facets.py:294: in test_background_cannot_hide_current_fact_governed_span_when_main_span_is_elsewhere
    with pytest.raises(ValueError, match="CURRENT_CLAUSE_CANNOT_BE_CONTEXT_ONLY"):
         ^^^^^^^^^^^^^^^^^^^^^^^^^^^^^^^^^^^^^^^^^^^^^^^^^^^^^^^^^^^^^^^^^^^^^^^^
E   Failed: DID NOT RAISE ValueError
=============================== warnings summary ===============================
tests/test_c3_semantic_contract_calibration.py::test_negative_file_component_preserves_original_exclusion_and_requires_real_diff
  /opt/spg-venv/lib/python3.13/site-packages/pydantic/main.py:475: UserWarning: Pydantic serializer warnings:
    PydanticSerializationUnexpectedValue(Expected `str` - serialized value may not be as expected [field_name='value', input_value=['external release'], input_type=list])
    PydanticSerializationUnexpectedValue(Expected `int` - serialized value may not be as expected [field_name='value', input_value=['external release'], input_type=list])
    PydanticSerializationUnexpectedValue(Expected `float` - serialized value may not be as expected [field_name='value', input_value=['external release'], input_type=list])
    PydanticSerializationUnexpectedValue(Expected `bool` - serialized value may not be as expected [field_name='value', input_value=['external release'], input_type=list])
    PydanticSerializationUnexpectedValue(Expected `tuple[Union[str, int, float, bool], ...]` - serialized value may not be as expected [field_name='value', input_value=['external release'], input_type=list])
    return self.__pydantic_serializer__.to_python(

-- Docs: https://docs.pytest.org/en/stable/how-to/capture-warnings.html
=========================== short test summary info ============================
FAILED tests/test_c3_admitted_source_facets.py::test_reviewed_background_same_item_keeps_all_current_request_evidence[This is a private study of artifact production.-Create the required document at index.html.]
FAILED tests/test_c3_admitted_source_facets.py::test_reviewed_background_same_item_keeps_all_current_request_evidence[This exercise concerns a static software artifact.-Produce the original requested content at index.html.]
FAILED tests/test_c3_admitted_source_facets.py::test_reviewed_background_same_item_keeps_all_current_request_evidence[\u8fd9\u662f\u9694\u79bb\u73af\u5883\u91cc\u7684\u8f6f\u4ef6\u751f\u4ea7\u8bf4\u660e\u3002-\u8bf7\u5728 index.html \u751f\u6210\u5df2\u786e\u8ba4\u7684\u9875\u9762\u3002]
FAILED tests/test_c3_admitted_source_facets.py::test_reviewed_background_cannot_hide_current_request_fact_or_authority[request]
FAILED tests/test_c3_admitted_source_facets.py::test_reviewed_background_cannot_hide_current_request_fact_or_authority[fact]
FAILED tests/test_c3_admitted_source_facets.py::test_background_cannot_hide_current_fact_governed_span_when_main_span_is_elsewhere
6 failed, 392 passed, 1 warning in 15.95s
