......................FFFFFF.....                                        [100%]
=================================== FAILURES ===================================
_ test_negative_scope_values_never_become_positive_allowlist_and_actual_diff_stays_exact _
tests/test_c3_source_consumption_proof.py:222: in test_negative_scope_values_never_become_positive_allowlist_and_actual_diff_stays_exact
    rev, ir, inv, plan, original = negative_scope_case()
                                   ^^^^^^^^^^^^^^^^^^^^^
tests/test_c3_source_consumption_proof.py:189: in negative_scope_case
    clause = SemanticClause(clause_id="original-negative-path-clause", source_record_id=record,
E   pydantic_core._pydantic_core.ValidationError: 1 validation error for SemanticClause
E   modality
E     Input should be 'REQUEST', 'QUESTION', 'ASSERTION', 'HYPOTHETICAL', 'CONDITIONAL' or 'UNRESOLVED' [type=literal_error, input_value='PROHIBITION', input_type=str]
E       For further information visit https://errors.pydantic.dev/2.13/v/literal_error
_ test_negative_scope_cannot_derive_a_new_allowlist_without_exact_original_authority[missing-u] _
tests/test_c3_source_consumption_proof.py:246: in test_negative_scope_cannot_derive_a_new_allowlist_without_exact_original_authority
    rev, ir, inv, plan, original = negative_scope_case()
                                   ^^^^^^^^^^^^^^^^^^^^^
tests/test_c3_source_consumption_proof.py:189: in negative_scope_case
    clause = SemanticClause(clause_id="original-negative-path-clause", source_record_id=record,
E   pydantic_core._pydantic_core.ValidationError: 1 validation error for SemanticClause
E   modality
E     Input should be 'REQUEST', 'QUESTION', 'ASSERTION', 'HYPOTHETICAL', 'CONDITIONAL' or 'UNRESOLVED' [type=literal_error, input_value='PROHIBITION', input_type=str]
E       For further information visit https://errors.pydantic.dev/2.13/v/literal_error
_ test_negative_scope_cannot_derive_a_new_allowlist_without_exact_original_authority[wrong-record] _
tests/test_c3_source_consumption_proof.py:246: in test_negative_scope_cannot_derive_a_new_allowlist_without_exact_original_authority
    rev, ir, inv, plan, original = negative_scope_case()
                                   ^^^^^^^^^^^^^^^^^^^^^
tests/test_c3_source_consumption_proof.py:189: in negative_scope_case
    clause = SemanticClause(clause_id="original-negative-path-clause", source_record_id=record,
E   pydantic_core._pydantic_core.ValidationError: 1 validation error for SemanticClause
E   modality
E     Input should be 'REQUEST', 'QUESTION', 'ASSERTION', 'HYPOTHETICAL', 'CONDITIONAL' or 'UNRESOLVED' [type=literal_error, input_value='PROHIBITION', input_type=str]
E       For further information visit https://errors.pydantic.dev/2.13/v/literal_error
_ test_negative_scope_cannot_derive_a_new_allowlist_without_exact_original_authority[wrong-text] _
tests/test_c3_source_consumption_proof.py:246: in test_negative_scope_cannot_derive_a_new_allowlist_without_exact_original_authority
    rev, ir, inv, plan, original = negative_scope_case()
                                   ^^^^^^^^^^^^^^^^^^^^^
tests/test_c3_source_consumption_proof.py:189: in negative_scope_case
    clause = SemanticClause(clause_id="original-negative-path-clause", source_record_id=record,
E   pydantic_core._pydantic_core.ValidationError: 1 validation error for SemanticClause
E   modality
E     Input should be 'REQUEST', 'QUESTION', 'ASSERTION', 'HYPOTHETICAL', 'CONDITIONAL' or 'UNRESOLVED' [type=literal_error, input_value='PROHIBITION', input_type=str]
E       For further information visit https://errors.pydantic.dev/2.13/v/literal_error
_ test_negative_scope_cannot_derive_a_new_allowlist_without_exact_original_authority[affirmative] _
tests/test_c3_source_consumption_proof.py:246: in test_negative_scope_cannot_derive_a_new_allowlist_without_exact_original_authority
    rev, ir, inv, plan, original = negative_scope_case()
                                   ^^^^^^^^^^^^^^^^^^^^^
tests/test_c3_source_consumption_proof.py:189: in negative_scope_case
    clause = SemanticClause(clause_id="original-negative-path-clause", source_record_id=record,
E   pydantic_core._pydantic_core.ValidationError: 1 validation error for SemanticClause
E   modality
E     Input should be 'REQUEST', 'QUESTION', 'ASSERTION', 'HYPOTHETICAL', 'CONDITIONAL' or 'UNRESOLVED' [type=literal_error, input_value='PROHIBITION', input_type=str]
E       For further information visit https://errors.pydantic.dev/2.13/v/literal_error
_ test_negative_scope_cannot_derive_a_new_allowlist_without_exact_original_authority[expanded-path] _
tests/test_c3_source_consumption_proof.py:246: in test_negative_scope_cannot_derive_a_new_allowlist_without_exact_original_authority
    rev, ir, inv, plan, original = negative_scope_case()
                                   ^^^^^^^^^^^^^^^^^^^^^
tests/test_c3_source_consumption_proof.py:189: in negative_scope_case
    clause = SemanticClause(clause_id="original-negative-path-clause", source_record_id=record,
E   pydantic_core._pydantic_core.ValidationError: 1 validation error for SemanticClause
E   modality
E     Input should be 'REQUEST', 'QUESTION', 'ASSERTION', 'HYPOTHETICAL', 'CONDITIONAL' or 'UNRESOLVED' [type=literal_error, input_value='PROHIBITION', input_type=str]
E       For further information visit https://errors.pydantic.dev/2.13/v/literal_error
=============================== warnings summary ===============================
tests/test_c3_semantic_contract_calibration.py::test_negative_file_component_preserves_original_exclusion_and_requires_real_diff
  /opt/spg-venv/lib/python3.13/site-packages/pydantic/main.py:475: UserWarning: Pydantic serializer warnings:
    PydanticSerializationUnexpectedValue(Expected `str` - serialized value may not be as expected [field_name='value', input_value=['external release'], input_type=list])
    PydanticSerializationUnexpectedValue(Expected `int` - serialized value may not be as expected [field_name='value', input_value=['external release'], input_type=list])
    PydanticSerializationUnexpectedValue(Expected `float` - serialized value may not be as expected [field_name='value', input_value=['external release'], input_type=list])
    PydanticSerializationUnexpectedValue(Expected `bool` - serialized value may not be as expected [field_name='value', input_value=['external release'], input_type=list])
    PydanticSerializationUnexpectedValue(Expected `tuple[Union[str, int, float, bool], ...]` - serialized value may not be as expected [field_name='value', input_value=['external release'], input_type=list])
    return self.__pydantic_serializer__.to_python(

-- Docs: https://docs.pytest.org/en/stable/how-to/capture-warnings.html
=========================== short test summary info ============================
FAILED tests/test_c3_source_consumption_proof.py::test_negative_scope_values_never_become_positive_allowlist_and_actual_diff_stays_exact
FAILED tests/test_c3_source_consumption_proof.py::test_negative_scope_cannot_derive_a_new_allowlist_without_exact_original_authority[missing-u]
FAILED tests/test_c3_source_consumption_proof.py::test_negative_scope_cannot_derive_a_new_allowlist_without_exact_original_authority[wrong-record]
FAILED tests/test_c3_source_consumption_proof.py::test_negative_scope_cannot_derive_a_new_allowlist_without_exact_original_authority[wrong-text]
FAILED tests/test_c3_source_consumption_proof.py::test_negative_scope_cannot_derive_a_new_allowlist_without_exact_original_authority[affirmative]
FAILED tests/test_c3_source_consumption_proof.py::test_negative_scope_cannot_derive_a_new_allowlist_without_exact_original_authority[expanded-path]
6 failed, 27 passed, 1 warning in 17.48s
