✔ formal UI registry exposes Industrial Cyan and preserves five future asset dogfood references (72.175299ms)
✔ appearance preferences persist locally without mutating product Reality (14.437622ms)
✔ planned skins cannot be selected and corrupted preferences recover safely (5.676203ms)
✔ stable workspace preserves the four semantic surface slots across collapse cycles (5.73243ms)
✔ focus is temporary emphasis and returns to the unchanged four-surface order (28.587561ms)
✔ external research shows current search and credential-blocked state in Interaction (18.374753ms)
✔ early Workspace projects a candidate without fabricating Work or production (7.413357ms)
✔ first Send opens provisional Workspace and a confirmed Motive latches it (2.013099ms)
✔ New Work clears every selected-Work projection and hides stale result actions (3.979909ms)
✔ Agenda follows the governed Steering path, including its actual step labels (1.244852ms)
✔ Agenda groups consecutive governed steps without losing their detail or current state (1.20865ms)
✔ Agenda closes Deliver when the authoritative Work projection is complete (1.018291ms)
✔ Work Plan Projection shows goal, current stage, remaining path, and latest governed change (1.201359ms)
✔ Work Plan Projection never invents stages without Steering Reality (3.571321ms)
✔ Production state maps observed queue and attempt facts without invented progress (5.865994ms)
✔ inspection stays a single read-only floating workspace with multi-file controls (1.211981ms)
✔ machine controls belong to Production and Human authority actions belong to Actions (3.75229ms)
✔ Candidate review shows one action matching the governed preview kind (0.964584ms)
✔ conversation sidebar does not retain governed revision controls (0.885117ms)
✔ latest turn has exactly one surface owner through stream, handoff, and next turn (0.776832ms)
✔ V4 Current Interaction is on-demand, floating, and conversation-only (3.544546ms)
✔ V4.1 anchors the message-only Current Interaction above the composer (1.5331ms)
✔ V4.1 exposes one governed pre-Work admission action outside the message body (1.573716ms)
✔ V4 composer state keeps a draft but collapses after either send (1.033721ms)
✔ V4 attention badge and Actions derive from the same executable Human operations (5.29279ms)
✔ Production follows the current Work revision instead of a completed prior cycle (0.57234ms)
✔ a completed branch-preparation attempt is not the new feature's production (0.303241ms)
✔ Production details are disclosed, while Actions contain only contextual controls (1.720923ms)
✔ repository acquisition UI exposes persisted intermediate states and governed retry (1.564166ms)
✔ Work revision admission is rendered once through its authoritative panel (0.315531ms)
✔ Self-Refine provides Work and platform incident lists with evidence detail (4.671539ms)
✔ P1 Product/Work history and operator health render from persisted API facts (158.534749ms)
✔ response presentation keeps a bounded composable extension seam (120.842847ms)
✔ plain response parsing separates prose and simple lists without HTML interpretation (2.99948ms)
✔ UI-07 maps every admitted Work status to clear product language (176.215365ms)
✔ UI-09 through UI-11 expose only bounded status actions (0.619915ms)
✔ UI-04 and UI-05 preserve useful intake summaries (1.329909ms)
✔ UI-14 through UI-16 do not invent result evidence (0.612525ms)
✔ UI-08 through UI-13 use safe DOM rendering and observational polling (53.3656ms)
✔ ORCH-20 polling observes only and stops at Human or terminal states (1.16933ms)
✔ execution progress shows activity without inventing a percentage (1.983854ms)
✔ Control Room Slice 1 projects only existing Work, WIC, Runtime, and Attention Reality (3.098572ms)
✔ Control Room Slice 1 does not infer missing or cross-Work Reality (1.724333ms)
✔ Control Room Slice 1 preserves completed satisfaction without creating attention (0.951856ms)
✔ Control Room Slice 2 keeps Human, interpreted, and governed WIC Reality distinct (4.483649ms)
✔ Control Room Slice 2 projects pending Human authority without admitting Reality (4.123203ms)
✔ Control Room Slice 2 exposes stale and unresolved assessment conditions (2.106676ms)
✔ Control Room Slice 2 remains explicit when no WIC Reality matches the Work (0.769668ms)
✔ Control Room Slice 3 projects current direction from exact Steering Reality (2.499654ms)
✔ Control Room Slice 3 preserves blockers and missing Plan Reality (0.531477ms)
✔ Control Room Slice 3 explains a trusted result active at its baseline (1.553322ms)
✔ Control Room Slice 3 does not hide trusted baseline and Active Runtime divergence (0.339537ms)
✔ Human Review application identity never becomes trusted application activation (0.982542ms)
✔ Control Room Slice 3 keeps incomplete and unverified Reality explicit (0.418871ms)
✔ Work Composer restores drafts without persisting a stale expanded UI state (1.565526ms)
✔ pre-Work composer keeps messaging separate from explicit governed admission (1.97396ms)
✔ WIC Slice 4 exposes Human-governed Work transition controls only (1.226235ms)
✔ explicit New Work entry clears restored context without creating Work authority (5.954535ms)
✔ active Work interaction keeps revision admission explicit and Human governed (0.854609ms)
✔ streaming assistant output occupies one message lifecycle until persisted truth arrives (2.447005ms)
✔ Turn subscription precedes projection refresh; fast completion cannot overwrite saved truth (88.547307ms)
✔ messages queued while POST is in flight wait for persisted COMPLETED, exactly once (16.244683ms)
✔ uncertain delivery remains visible and survives refresh without an automatic retry (8.168415ms)
✔ automatic Turn recovery discards interrupted text and settles one preserved Turn (5.304618ms)
✔ failed replies pause later messages, keeping exact content for explicit resume (5.087071ms)
✔ a recoverable failed turn retries the saved turn without resubmitting Human input (5.673633ms)
✔ switching conversations ignores stale deltas and leaves the prior queue isolated (17.83045ms)
✔ controlled WIC response events evolve one bubble and suppress duplicate replay (5.363778ms)
✔ refresh during Deep WIC rebuilds provisional text without duplication (5.242149ms)
✔ SSE disconnect falls back to observation and drains once after saved completion (7.190593ms)
✔ restored queues pause, interrupted sends remain uncertain, and failed bases never auto-drain (1.810838ms)
✔ stream bursts repaint one message per frame and preserve historical DOM nodes (13.938753ms)
✔ Production projection reports truthful Steering capability and native queue states (0.439257ms)
✔ governed response deltas paint one received chunk per frame (5.927934ms)
✔ queue capacity leaves the unsent draft intact (5.645533ms)
✔ a rejected POST pauses for explicit retry and never loses the message (5.11788ms)
✔ a reply completing during Refresh drains its queued message when busy clears (14.130207ms)
ℹ tests 77
ℹ suites 0
ℹ pass 77
ℹ fail 0
ℹ cancelled 0
ℹ skipped 0
ℹ todo 0
ℹ duration_ms 1708.044505
