........................................................................ [ 21%]
........................................................................ [ 43%]
.  + Exception Group Traceback (most recent call last):
  |   File "<frozen runpy>", line 203, in _run_module_as_main
  |   File "<frozen runpy>", line 88, in _run_code
  |   File "/Users/yu/Documents/dev/software-production-platform/.venv/lib/python3.13/site-packages/pytest/__main__.py", line 9, in <module>
  |     raise SystemExit(_console_main())
  |                      ~~~~~~~~~~~~~^^
  |   File "/Users/yu/Documents/dev/software-production-platform/.venv/lib/python3.13/site-packages/_pytest/config/__init__.py", line 253, in _console_main
  |     code = _main(prog=_get_prog_name(sys.argv))
  |   File "/Users/yu/Documents/dev/software-production-platform/.venv/lib/python3.13/site-packages/_pytest/config/__init__.py", line 229, in _main
  |     ret: ExitCode | int = config.hook.pytest_cmdline_main(config=config)
  |                           ~~~~~~~~~~~~~~~~~~~~~~~~~~~~~~~^^^^^^^^^^^^^^^
  |   File "/Users/yu/Documents/dev/software-production-platform/.venv/lib/python3.13/site-packages/pluggy/_hooks.py", line 512, in __call__
  |     return self._hookexec(self.name, self._hookimpls.copy(), kwargs, firstresult)
  |            ~~~~~~~~~~~~~~^^^^^^^^^^^^^^^^^^^^^^^^^^^^^^^^^^^^^^^^^^^^^^^^^^^^^^^^
  |   File "/Users/yu/Documents/dev/software-production-platform/.venv/lib/python3.13/site-packages/pluggy/_manager.py", line 120, in _hookexec
  |     return self._inner_hookexec(hook_name, methods, kwargs, firstresult)
  |            ~~~~~~~~~~~~~~~~~~~~^^^^^^^^^^^^^^^^^^^^^^^^^^^^^^^^^^^^^^^^^
  |   File "/Users/yu/Documents/dev/software-production-platform/.venv/lib/python3.13/site-packages/pluggy/_callers.py", line 167, in _multicall
  |     raise exception
  |   File "/Users/yu/Documents/dev/software-production-platform/.venv/lib/python3.13/site-packages/pluggy/_callers.py", line 121, in _multicall
  |     res = hook_impl.function(*args)
  |   File "/Users/yu/Documents/dev/software-production-platform/.venv/lib/python3.13/site-packages/_pytest/main.py", line 377, in pytest_cmdline_main
  |     return wrap_session(config, _main)
  |   File "/Users/yu/Documents/dev/software-production-platform/.venv/lib/python3.13/site-packages/_pytest/main.py", line 365, in wrap_session
  |     config.hook.pytest_sessionfinish(
  |     ~~~~~~~~~~~~~~~~~~~~~~~~~~~~~~~~^
  |         session=session, exitstatus=session.exitstatus
  |         ^^^^^^^^^^^^^^^^^^^^^^^^^^^^^^^^^^^^^^^^^^^^^^
  |     )
  |     ^
  |   File "/Users/yu/Documents/dev/software-production-platform/.venv/lib/python3.13/site-packages/pluggy/_hooks.py", line 512, in __call__
  |     return self._hookexec(self.name, self._hookimpls.copy(), kwargs, firstresult)
  |            ~~~~~~~~~~~~~~^^^^^^^^^^^^^^^^^^^^^^^^^^^^^^^^^^^^^^^^^^^^^^^^^^^^^^^^
  |   File "/Users/yu/Documents/dev/software-production-platform/.venv/lib/python3.13/site-packages/pluggy/_manager.py", line 120, in _hookexec
  |     return self._inner_hookexec(hook_name, methods, kwargs, firstresult)
  |            ~~~~~~~~~~~~~~~~~~~~^^^^^^^^^^^^^^^^^^^^^^^^^^^^^^^^^^^^^^^^^
  |   File "/Users/yu/Documents/dev/software-production-platform/.venv/lib/python3.13/site-packages/pluggy/_callers.py", line 167, in _multicall
  |     raise exception
  |   File "/Users/yu/Documents/dev/software-production-platform/.venv/lib/python3.13/site-packages/pluggy/_callers.py", line 139, in _multicall
  |     teardown.throw(exception)
  |     ~~~~~~~~~~~~~~^^^^^^^^^^^
  |   File "/Users/yu/Documents/dev/software-production-platform/.venv/lib/python3.13/site-packages/_pytest/logging.py", line 888, in pytest_sessionfinish
  |     return (yield)
  |             ^^^^^
  |   File "/Users/yu/Documents/dev/software-production-platform/.venv/lib/python3.13/site-packages/pluggy/_callers.py", line 139, in _multicall
  |     teardown.throw(exception)
  |     ~~~~~~~~~~~~~~^^^^^^^^^^^
  |   File "/Users/yu/Documents/dev/software-production-platform/.venv/lib/python3.13/site-packages/_pytest/terminal.py", line 961, in pytest_sessionfinish
  |     result = yield
  |              ^^^^^
  |   File "/Users/yu/Documents/dev/software-production-platform/.venv/lib/python3.13/site-packages/pluggy/_callers.py", line 139, in _multicall
  |     teardown.throw(exception)
  |     ~~~~~~~~~~~~~~^^^^^^^^^^^
  |   File "/Users/yu/Documents/dev/software-production-platform/.venv/lib/python3.13/site-packages/_pytest/warnings.py", line 119, in pytest_sessionfinish
  |     return (yield)
  |             ^^^^^
  |   File "/Users/yu/Documents/dev/software-production-platform/.venv/lib/python3.13/site-packages/pluggy/_callers.py", line 121, in _multicall
  |     res = hook_impl.function(*args)
  |   File "/Users/yu/Documents/dev/software-production-platform/.venv/lib/python3.13/site-packages/_pytest/runner.py", line 112, in pytest_sessionfinish
  |     session._setupstate.teardown_exact(None)
  |     ~~~~~~~~~~~~~~~~~~~~~~~~~~~~~~~~~~^^^^^^
  |   File "/Users/yu/Documents/dev/software-production-platform/.venv/lib/python3.13/site-packages/_pytest/runner.py", line 581, in teardown_exact
  |     raise BaseExceptionGroup("errors during test teardown", exceptions[::-1])
  | ExceptionGroup: errors during test teardown (2 sub-exceptions)
  +-+---------------- 1 ----------------
    | Traceback (most recent call last):
    |   File "/Users/yu/Documents/dev/software-production-platform/.venv/lib/python3.13/site-packages/sqlalchemy/pool/base.py", line 1319, in _checkout
    |     raise exc.InvalidatePoolError()
    | sqlalchemy.exc.InvalidatePoolError: ()
    | 
    | During handling of the above exception, another exception occurred:
    | 
    | Traceback (most recent call last):
    |   File "/Users/yu/Documents/dev/software-production-platform/.venv/lib/python3.13/site-packages/sqlalchemy/engine/base.py", line 144, in __init__
    |     self._dbapi_connection = engine.raw_connection()
    |                              ~~~~~~~~~~~~~~~~~~~~~^^
    |   File "/Users/yu/Documents/dev/software-production-platform/.venv/lib/python3.13/site-packages/sqlalchemy/engine/base.py", line 3319, in raw_connection
    |     return self.pool.connect()
    |            ~~~~~~~~~~~~~~~~~^^
    |   File "/Users/yu/Documents/dev/software-production-platform/.venv/lib/python3.13/site-packages/sqlalchemy/pool/base.py", line 448, in connect
    |     return _ConnectionFairy._checkout(self)
    |            ~~~~~~~~~~~~~~~~~~~~~~~~~~^^^^^^
    |   File "/Users/yu/Documents/dev/software-production-platform/.venv/lib/python3.13/site-packages/sqlalchemy/pool/base.py", line 1353, in _checkout
    |     with util.safe_reraise():
    |          ~~~~~~~~~~~~~~~~~^^
    |   File "/Users/yu/Documents/dev/software-production-platform/.venv/lib/python3.13/site-packages/sqlalchemy/util/langhelpers.py", line 122, in __exit__
    |     raise exc_value.with_traceback(exc_tb)
    |   File "/Users/yu/Documents/dev/software-production-platform/.venv/lib/python3.13/site-packages/sqlalchemy/pool/base.py", line 1350, in _checkout
    |     fairy._connection_record.get_connection()
    |     ~~~~~~~~~~~~~~~~~~~~~~~~~~~~~~~~~~~~~~~^^
    |   File "/Users/yu/Documents/dev/software-production-platform/.venv/lib/python3.13/site-packages/sqlalchemy/pool/base.py", line 837, in get_connection
    |     self.__connect()
    |     ~~~~~~~~~~~~~~^^
    |   File "/Users/yu/Documents/dev/software-production-platform/.venv/lib/python3.13/site-packages/sqlalchemy/pool/base.py", line 900, in __connect
    |     with util.safe_reraise():
    |          ~~~~~~~~~~~~~~~~~^^
    |   File "/Users/yu/Documents/dev/software-production-platform/.venv/lib/python3.13/site-packages/sqlalchemy/util/langhelpers.py", line 122, in __exit__
    |     raise exc_value.with_traceback(exc_tb)
    |   File "/Users/yu/Documents/dev/software-production-platform/.venv/lib/python3.13/site-packages/sqlalchemy/pool/base.py", line 896, in __connect
    |     self.dbapi_connection = connection = pool._invoke_creator(self)
    |                                          ~~~~~~~~~~~~~~~~~~~~^^^^^^
    |   File "/Users/yu/Documents/dev/software-production-platform/.venv/lib/python3.13/site-packages/sqlalchemy/engine/create.py", line 667, in connect
    |     return dialect.connect(*cargs_tup, **cparams)
    |            ~~~~~~~~~~~~~~~^^^^^^^^^^^^^^^^^^^^^^^
    |   File "/Users/yu/Documents/dev/software-production-platform/.venv/lib/python3.13/site-packages/sqlalchemy/engine/default.py", line 630, in connect
    |     return self.loaded_dbapi.connect(*cargs, **cparams)  # type: ignore[no-any-return]  # NOQA: E501
    |            ~~~~~~~~~~~~~~~~~~~~~~~~~^^^^^^^^^^^^^^^^^^^
    |   File "/Users/yu/Documents/dev/software-production-platform/.venv/lib/python3.13/site-packages/psycopg/connection.py", line 122, in connect
    |     raise last_ex.with_traceback(None)
    | psycopg.OperationalError: connection failed: connection to server at "127.0.0.1", port 55438 failed: FATAL:  the database system is shutting down
    | 
    | The above exception was the direct cause of the following exception:
    | 
    | Traceback (most recent call last):
    |   File "/Users/yu/Documents/dev/software-production-platform/.venv/lib/python3.13/site-packages/_pytest/runner.py", line 568, in teardown_exact
    |     fin()
    |     ~~~^^
    |   File "/Users/yu/Documents/dev/software-production-platform/.venv/lib/python3.13/site-packages/_pytest/fixtures.py", line 1166, in finish
    |     raise exceptions[0]
    |   File "/Users/yu/Documents/dev/software-production-platform/.venv/lib/python3.13/site-packages/_pytest/fixtures.py", line 1156, in finish
    |     fin()
    |     ~~~^^
    |   File "/Users/yu/Documents/dev/software-production-platform/.venv/lib/python3.13/site-packages/_pytest/fixtures.py", line 1014, in _teardown_yield_fixture
    |     next(it)
    |     ~~~~^^^^
    |   File "/Users/yu/Documents/dev/software-production-platform/tests/integration/conftest.py", line 43, in versioned_table
    |     with postgres_database.engine.begin() as connection:
    |          ~~~~~~~~~~~~~~~~~~~~~~~~~~~~~~^^
    |   File "/Users/yu/.local/share/uv/python/cpython-3.13.15-macos-x86_64-none/lib/python3.13/contextlib.py", line 141, in __enter__
    |     return next(self.gen)
    |   File "/Users/yu/Documents/dev/software-production-platform/.venv/lib/python3.13/site-packages/sqlalchemy/engine/base.py", line 3259, in begin
    |     with self.connect() as conn:
    |          ~~~~~~~~~~~~^^
    |   File "/Users/yu/Documents/dev/software-production-platform/.venv/lib/python3.13/site-packages/sqlalchemy/engine/base.py", line 3295, in connect
    |     return self._connection_cls(self)
    |            ~~~~~~~~~~~~~~~~~~~~^^^^^^
    |   File "/Users/yu/Documents/dev/software-production-platform/.venv/lib/python3.13/site-packages/sqlalchemy/engine/base.py", line 146, in __init__
    |     Connection._handle_dbapi_exception_noconnection(
    |     ~~~~~~~~~~~~~~~~~~~~~~~~~~~~~~~~~~~~~~~~~~~~~~~^
    |         err, dialect, engine
    |         ^^^^^^^^^^^^^^^^^^^^
    |     )
    |     ^
    |   File "/Users/yu/Documents/dev/software-production-platform/.venv/lib/python3.13/site-packages/sqlalchemy/engine/base.py", line 2450, in _handle_dbapi_exception_noconnection
    |     raise sqlalchemy_exception.with_traceback(exc_info[2]) from e
    |   File "/Users/yu/Documents/dev/software-production-platform/.venv/lib/python3.13/site-packages/sqlalchemy/engine/base.py", line 144, in __init__
    |     self._dbapi_connection = engine.raw_connection()
    |                              ~~~~~~~~~~~~~~~~~~~~~^^
    |   File "/Users/yu/Documents/dev/software-production-platform/.venv/lib/python3.13/site-packages/sqlalchemy/engine/base.py", line 3319, in raw_connection
    |     return self.pool.connect()
    |            ~~~~~~~~~~~~~~~~~^^
    |   File "/Users/yu/Documents/dev/software-production-platform/.venv/lib/python3.13/site-packages/sqlalchemy/pool/base.py", line 448, in connect
    |     return _ConnectionFairy._checkout(self)
    |            ~~~~~~~~~~~~~~~~~~~~~~~~~~^^^^^^
    |   File "/Users/yu/Documents/dev/software-production-platform/.venv/lib/python3.13/site-packages/sqlalchemy/pool/base.py", line 1353, in _checkout
    |     with util.safe_reraise():
    |          ~~~~~~~~~~~~~~~~~^^
    |   File "/Users/yu/Documents/dev/software-production-platform/.venv/lib/python3.13/site-packages/sqlalchemy/util/langhelpers.py", line 122, in __exit__
    |     raise exc_value.with_traceback(exc_tb)
    |   File "/Users/yu/Documents/dev/software-production-platform/.venv/lib/python3.13/site-packages/sqlalchemy/pool/base.py", line 1350, in _checkout
    |     fairy._connection_record.get_connection()
    |     ~~~~~~~~~~~~~~~~~~~~~~~~~~~~~~~~~~~~~~~^^
    |   File "/Users/yu/Documents/dev/software-production-platform/.venv/lib/python3.13/site-packages/sqlalchemy/pool/base.py", line 837, in get_connection
    |     self.__connect()
    |     ~~~~~~~~~~~~~~^^
    |   File "/Users/yu/Documents/dev/software-production-platform/.venv/lib/python3.13/site-packages/sqlalchemy/pool/base.py", line 900, in __connect
    |     with util.safe_reraise():
    |          ~~~~~~~~~~~~~~~~~^^
    |   File "/Users/yu/Documents/dev/software-production-platform/.venv/lib/python3.13/site-packages/sqlalchemy/util/langhelpers.py", line 122, in __exit__
    |     raise exc_value.with_traceback(exc_tb)
    |   File "/Users/yu/Documents/dev/software-production-platform/.venv/lib/python3.13/site-packages/sqlalchemy/pool/base.py", line 896, in __connect
    |     self.dbapi_connection = connection = pool._invoke_creator(self)
    |                                          ~~~~~~~~~~~~~~~~~~~~^^^^^^
    |   File "/Users/yu/Documents/dev/software-production-platform/.venv/lib/python3.13/site-packages/sqlalchemy/engine/create.py", line 667, in connect
    |     return dialect.connect(*cargs_tup, **cparams)
    |            ~~~~~~~~~~~~~~~^^^^^^^^^^^^^^^^^^^^^^^
    |   File "/Users/yu/Documents/dev/software-production-platform/.venv/lib/python3.13/site-packages/sqlalchemy/engine/default.py", line 630, in connect
    |     return self.loaded_dbapi.connect(*cargs, **cparams)  # type: ignore[no-any-return]  # NOQA: E501
    |            ~~~~~~~~~~~~~~~~~~~~~~~~~^^^^^^^^^^^^^^^^^^^
    |   File "/Users/yu/Documents/dev/software-production-platform/.venv/lib/python3.13/site-packages/psycopg/connection.py", line 122, in connect
    |     raise last_ex.with_traceback(None)
    | sqlalchemy.exc.OperationalError: (psycopg.OperationalError) connection failed: connection to server at "127.0.0.1", port 55438 failed: FATAL:  the database system is shutting down
    | (Background on this error at: https://sqlalche.me/e/20/e3q8)
    +---------------- 2 ----------------
    | Traceback (most recent call last):
    |   File "/Users/yu/Documents/dev/software-production-platform/.venv/lib/python3.13/site-packages/sqlalchemy/engine/base.py", line 144, in __init__
    |     self._dbapi_connection = engine.raw_connection()
    |                              ~~~~~~~~~~~~~~~~~~~~~^^
    |   File "/Users/yu/Documents/dev/software-production-platform/.venv/lib/python3.13/site-packages/sqlalchemy/engine/base.py", line 3319, in raw_connection
    |     return self.pool.connect()
    |            ~~~~~~~~~~~~~~~~~^^
    |   File "/Users/yu/Documents/dev/software-production-platform/.venv/lib/python3.13/site-packages/sqlalchemy/pool/base.py", line 448, in connect
    |     return _ConnectionFairy._checkout(self)
    |            ~~~~~~~~~~~~~~~~~~~~~~~~~~^^^^^^
    |   File "/Users/yu/Documents/dev/software-production-platform/.venv/lib/python3.13/site-packages/sqlalchemy/pool/base.py", line 1272, in _checkout
    |     fairy = _ConnectionRecord.checkout(pool)
    |   File "/Users/yu/Documents/dev/software-production-platform/.venv/lib/python3.13/site-packages/sqlalchemy/pool/base.py", line 712, in checkout
    |     rec = pool._do_get()
    |   File "/Users/yu/Documents/dev/software-production-platform/.venv/lib/python3.13/site-packages/sqlalchemy/pool/impl.py", line 307, in _do_get
    |     return self._create_connection()
    |            ~~~~~~~~~~~~~~~~~~~~~~~^^
    |   File "/Users/yu/Documents/dev/software-production-platform/.venv/lib/python3.13/site-packages/sqlalchemy/pool/base.py", line 389, in _create_connection
    |     return _ConnectionRecord(self)
    |   File "/Users/yu/Documents/dev/software-production-platform/.venv/lib/python3.13/site-packages/sqlalchemy/pool/base.py", line 674, in __init__
    |     self.__connect()
    |     ~~~~~~~~~~~~~~^^
    |   File "/Users/yu/Documents/dev/software-production-platform/.venv/lib/python3.13/site-packages/sqlalchemy/pool/base.py", line 900, in __connect
    |     with util.safe_reraise():
    |          ~~~~~~~~~~~~~~~~~^^
    |   File "/Users/yu/Documents/dev/software-production-platform/.venv/lib/python3.13/site-packages/sqlalchemy/util/langhelpers.py", line 122, in __exit__
    |     raise exc_value.with_traceback(exc_tb)
    |   File "/Users/yu/Documents/dev/software-production-platform/.venv/lib/python3.13/site-packages/sqlalchemy/pool/base.py", line 896, in __connect
    |     self.dbapi_connection = connection = pool._invoke_creator(self)
    |                                          ~~~~~~~~~~~~~~~~~~~~^^^^^^
    |   File "/Users/yu/Documents/dev/software-production-platform/.venv/lib/python3.13/site-packages/sqlalchemy/engine/create.py", line 667, in connect
    |     return dialect.connect(*cargs_tup, **cparams)
    |            ~~~~~~~~~~~~~~~^^^^^^^^^^^^^^^^^^^^^^^
    |   File "/Users/yu/Documents/dev/software-production-platform/.venv/lib/python3.13/site-packages/sqlalchemy/engine/default.py", line 630, in connect
    |     return self.loaded_dbapi.connect(*cargs, **cparams)  # type: ignore[no-any-return]  # NOQA: E501
    |            ~~~~~~~~~~~~~~~~~~~~~~~~~^^^^^^^^^^^^^^^^^^^
    |   File "/Users/yu/Documents/dev/software-production-platform/.venv/lib/python3.13/site-packages/psycopg/connection.py", line 122, in connect
    |     raise last_ex.with_traceback(None)
    | psycopg.OperationalError: connection failed: connection to server at "127.0.0.1", port 55438 failed: FATAL:  the database system is shutting down
    | 
    | The above exception was the direct cause of the following exception:
    | 
    | Traceback (most recent call last):
    |   File "/Users/yu/Documents/dev/software-production-platform/.venv/lib/python3.13/site-packages/_pytest/runner.py", line 568, in teardown_exact
    |     fin()
    |     ~~~^^
    |   File "/Users/yu/Documents/dev/software-production-platform/.venv/lib/python3.13/site-packages/_pytest/fixtures.py", line 1166, in finish
    |     raise exceptions[0]
    |   File "/Users/yu/Documents/dev/software-production-platform/.venv/lib/python3.13/site-packages/_pytest/fixtures.py", line 1156, in finish
    |     fin()
    |     ~~~^^
    |   File "/Users/yu/Documents/dev/software-production-platform/.venv/lib/python3.13/site-packages/_pytest/fixtures.py", line 1014, in _teardown_yield_fixture
    |     next(it)
    |     ~~~~^^^^
    |   File "/Users/yu/Documents/dev/software-production-platform/tests/integration/test_mvp_plan_steering_truth.py", line 121, in clean_product_runtime_schema
    |     command.upgrade(_migration_config(postgres_database), "head")
    |     ~~~~~~~~~~~~~~~^^^^^^^^^^^^^^^^^^^^^^^^^^^^^^^^^^^^^^^^^^^^^^
    |   File "/Users/yu/Documents/dev/software-production-platform/.venv/lib/python3.13/site-packages/alembic/command.py", line 487, in upgrade
    |     script.run_env()
    |     ~~~~~~~~~~~~~~^^
    |   File "/Users/yu/Documents/dev/software-production-platform/.venv/lib/python3.13/site-packages/alembic/script/base.py", line 550, in run_env
    |     util.load_python_file(self.dir, "env.py")
    |     ~~~~~~~~~~~~~~~~~~~~~^^^^^^^^^^^^^^^^^^^^
    |   File "/Users/yu/Documents/dev/software-production-platform/.venv/lib/python3.13/site-packages/alembic/util/pyfiles.py", line 114, in load_python_file
    |     module = load_module_py(module_id, path)
    |   File "/Users/yu/Documents/dev/software-production-platform/.venv/lib/python3.13/site-packages/alembic/util/pyfiles.py", line 132, in load_module_py
    |     spec.loader.exec_module(module)  # type: ignore
    |     ~~~~~~~~~~~~~~~~~~~~~~~^^^^^^^^
    |   File "<frozen importlib._bootstrap_external>", line 1023, in exec_module
    |   File "<frozen importlib._bootstrap>", line 488, in _call_with_frames_removed
    |   File "/Users/yu/Documents/dev/software-production-platform/migrations/env.py", line 55, in <module>
    |     run_migrations_online()
    |     ~~~~~~~~~~~~~~~~~~~~~^^
    |   File "/Users/yu/Documents/dev/software-production-platform/migrations/env.py", line 46, in run_migrations_online
    |     with connectable.connect() as connection:
    |          ~~~~~~~~~~~~~~~~~~~^^
    |   File "/Users/yu/Documents/dev/software-production-platform/.venv/lib/python3.13/site-packages/sqlalchemy/engine/base.py", line 3295, in connect
    |     return self._connection_cls(self)
    |            ~~~~~~~~~~~~~~~~~~~~^^^^^^
    |   File "/Users/yu/Documents/dev/software-production-platform/.venv/lib/python3.13/site-packages/sqlalchemy/engine/base.py", line 146, in __init__
    |     Connection._handle_dbapi_exception_noconnection(
    |     ~~~~~~~~~~~~~~~~~~~~~~~~~~~~~~~~~~~~~~~~~~~~~~~^
    |         err, dialect, engine
    |         ^^^^^^^^^^^^^^^^^^^^
    |     )
    |     ^
    |   File "/Users/yu/Documents/dev/software-production-platform/.venv/lib/python3.13/site-packages/sqlalchemy/engine/base.py", line 2450, in _handle_dbapi_exception_noconnection
    |     raise sqlalchemy_exception.with_traceback(exc_info[2]) from e
    |   File "/Users/yu/Documents/dev/software-production-platform/.venv/lib/python3.13/site-packages/sqlalchemy/engine/base.py", line 144, in __init__
    |     self._dbapi_connection = engine.raw_connection()
    |                              ~~~~~~~~~~~~~~~~~~~~~^^
    |   File "/Users/yu/Documents/dev/software-production-platform/.venv/lib/python3.13/site-packages/sqlalchemy/engine/base.py", line 3319, in raw_connection
    |     return self.pool.connect()
    |            ~~~~~~~~~~~~~~~~~^^
    |   File "/Users/yu/Documents/dev/software-production-platform/.venv/lib/python3.13/site-packages/sqlalchemy/pool/base.py", line 448, in connect
    |     return _ConnectionFairy._checkout(self)
    |            ~~~~~~~~~~~~~~~~~~~~~~~~~~^^^^^^
    |   File "/Users/yu/Documents/dev/software-production-platform/.venv/lib/python3.13/site-packages/sqlalchemy/pool/base.py", line 1272, in _checkout
    |     fairy = _ConnectionRecord.checkout(pool)
    |   File "/Users/yu/Documents/dev/software-production-platform/.venv/lib/python3.13/site-packages/sqlalchemy/pool/base.py", line 712, in checkout
    |     rec = pool._do_get()
    |   File "/Users/yu/Documents/dev/software-production-platform/.venv/lib/python3.13/site-packages/sqlalchemy/pool/impl.py", line 307, in _do_get
    |     return self._create_connection()
    |            ~~~~~~~~~~~~~~~~~~~~~~~^^
    |   File "/Users/yu/Documents/dev/software-production-platform/.venv/lib/python3.13/site-packages/sqlalchemy/pool/base.py", line 389, in _create_connection
    |     return _ConnectionRecord(self)
    |   File "/Users/yu/Documents/dev/software-production-platform/.venv/lib/python3.13/site-packages/sqlalchemy/pool/base.py", line 674, in __init__
    |     self.__connect()
    |     ~~~~~~~~~~~~~~^^
    |   File "/Users/yu/Documents/dev/software-production-platform/.venv/lib/python3.13/site-packages/sqlalchemy/pool/base.py", line 900, in __connect
    |     with util.safe_reraise():
    |          ~~~~~~~~~~~~~~~~~^^
    |   File "/Users/yu/Documents/dev/software-production-platform/.venv/lib/python3.13/site-packages/sqlalchemy/util/langhelpers.py", line 122, in __exit__
    |     raise exc_value.with_traceback(exc_tb)
    |   File "/Users/yu/Documents/dev/software-production-platform/.venv/lib/python3.13/site-packages/sqlalchemy/pool/base.py", line 896, in __connect
    |     self.dbapi_connection = connection = pool._invoke_creator(self)
    |                                          ~~~~~~~~~~~~~~~~~~~~^^^^^^
    |   File "/Users/yu/Documents/dev/software-production-platform/.venv/lib/python3.13/site-packages/sqlalchemy/engine/create.py", line 667, in connect
    |     return dialect.connect(*cargs_tup, **cparams)
    |            ~~~~~~~~~~~~~~~^^^^^^^^^^^^^^^^^^^^^^^
    |   File "/Users/yu/Documents/dev/software-production-platform/.venv/lib/python3.13/site-packages/sqlalchemy/engine/default.py", line 630, in connect
    |     return self.loaded_dbapi.connect(*cargs, **cparams)  # type: ignore[no-any-return]  # NOQA: E501
    |            ~~~~~~~~~~~~~~~~~~~~~~~~~^^^^^^^^^^^^^^^^^^^
    |   File "/Users/yu/Documents/dev/software-production-platform/.venv/lib/python3.13/site-packages/psycopg/connection.py", line 122, in connect
    |     raise last_ex.with_traceback(None)
    | sqlalchemy.exc.OperationalError: (psycopg.OperationalError) connection failed: connection to server at "127.0.0.1", port 55438 failed: FATAL:  the database system is shutting down
    | (Background on this error at: https://sqlalche.me/e/20/e3q8)
    +------------------------------------
!!!!!!!!!!!!!!!!!!!!!!!!!!!!!! KeyboardInterrupt !!!!!!!!!!!!!!!!!!!!!!!!!!!!!!!
/Users/yu/Documents/dev/software-production-platform/.venv/lib/python3.13/site-packages/psycopg/cursor.py:117: KeyboardInterrupt
(to show a full traceback on KeyboardInterrupt use --full-trace)
