============================= test session starts ==============================
platform linux -- Python 3.13.16, pytest-9.1.1, pluggy-1.6.0
rootdir: /dev-input
configfile: pyproject.toml
plugins: anyio-4.14.2
collected 467 items / 1 error

==================================== ERRORS ====================================
____________ ERROR collecting tests/test_c3_static_scope_binding.py ____________
ImportError while importing test module '/dev-input/tests/test_c3_static_scope_binding.py'.
Hint: make sure your test modules/packages have valid Python names.
Traceback:
/usr/local/lib/python3.13/importlib/__init__.py:88: in import_module
    return _bootstrap._gcd_import(name[level:], package, level)
           ^^^^^^^^^^^^^^^^^^^^^^^^^^^^^^^^^^^^^^^^^^^^^^^^^^^^
tests/test_c3_static_scope_binding.py:13: in <module>
    from tests.test_n1_static_html_semantics import _fixture, _candidate, _admitted_count, ITEMS, HEADING, _git
E   ImportError: cannot import name 'HEADING' from 'tests.test_n1_static_html_semantics' (/dev-input/tests/test_n1_static_html_semantics.py)
--------------------- generated xml file: /out/result.xml ----------------------
=========================== short test summary info ============================
ERROR tests/test_c3_static_scope_binding.py
!!!!!!!!!!!!!!!!!!!! Interrupted: 1 error during collection !!!!!!!!!!!!!!!!!!!!
============================== 1 error in 10.62s ===============================
