============================= test session starts ==============================
platform linux -- Python 3.13.16, pytest-9.1.1, pluggy-1.6.0
rootdir: /dev-input
configfile: pyproject.toml
plugins: anyio-4.14.2
collected 319 items

tests/test_c3_fulfillment_capacity_representation.py ................... [  5%]
..................................                                       [ 16%]
tests/test_c3_owner_repair_preconditions.py ............................ [ 25%]
.........................                                                [ 33%]
tests/test_c3_generation_owner_domains.py .............................. [ 42%]
..........................................                               [ 55%]
tests/test_c3_source_role_contract.py .................                  [ 61%]
tests/test_c3_fulfillment_repair_context.py ............................ [ 69%]
..................                                                       [ 75%]
tests/test_c3_fulfillment_wire_feedback.py ............................. [ 84%]
.........                                                                [ 87%]
tests/test_c3_semantic_contract_calibration.py ......................... [ 95%]
...............                                                          [100%]

=============================== warnings summary ===============================
tests/test_c3_fulfillment_capacity_representation.py::test_independent_review_reuses_wire_without_losing_any_component[small]
tests/test_c3_fulfillment_capacity_representation.py::test_independent_review_reuses_wire_without_losing_any_component[medium]
tests/test_c3_fulfillment_capacity_representation.py::test_independent_review_reuses_wire_without_losing_any_component[complex]
  tests/test_c3_fulfillment_capacity_representation.py:155: PytestWarning: record_property is incompatible with junit_family 'xunit2' (use 'legacy' or 'xunit1')
    @pytest.mark.parametrize('scale', ('small','medium','complex'))

tests/test_c3_fulfillment_capacity_representation.py::test_compact_representation_preserves_complete_inventory_and_existing_owners[small]
tests/test_c3_fulfillment_capacity_representation.py::test_compact_representation_preserves_complete_inventory_and_existing_owners[medium]
tests/test_c3_fulfillment_capacity_representation.py::test_compact_representation_preserves_complete_inventory_and_existing_owners[complex]
  tests/test_c3_fulfillment_capacity_representation.py:220: PytestWarning: record_property is incompatible with junit_family 'xunit2' (use 'legacy' or 'xunit1')
    @pytest.mark.parametrize("scale", ("small", "medium", "complex"))

tests/test_c3_generation_owner_domains.py::test_v3_literal_scope_claim_keeps_qualifiers_and_requires_independent_component_review[qualifiers0]
tests/test_c3_generation_owner_domains.py::test_v3_literal_scope_claim_keeps_qualifiers_and_requires_independent_component_review[qualifiers1]
tests/test_c3_generation_owner_domains.py::test_v3_literal_scope_claim_keeps_qualifiers_and_requires_independent_component_review[qualifiers2]
  /opt/spg-venv/lib/python3.13/site-packages/pydantic/main.py:475: UserWarning: Pydantic serializer warnings:
    PydanticSerializationUnexpectedValue(Expected `str` - serialized value may not be as expected [field_name='value', input_value=['index.html'], input_type=list])
    PydanticSerializationUnexpectedValue(Expected `int` - serialized value may not be as expected [field_name='value', input_value=['index.html'], input_type=list])
    PydanticSerializationUnexpectedValue(Expected `float` - serialized value may not be as expected [field_name='value', input_value=['index.html'], input_type=list])
    PydanticSerializationUnexpectedValue(Expected `bool` - serialized value may not be as expected [field_name='value', input_value=['index.html'], input_type=list])
    PydanticSerializationUnexpectedValue(Expected `tuple[Union[str, int, float, bool], ...]` - serialized value may not be as expected [field_name='value', input_value=['index.html'], input_type=list])
    return self.__pydantic_serializer__.to_python(

tests/test_c3_semantic_contract_calibration.py::test_negative_file_component_preserves_original_exclusion_and_requires_real_diff
  /opt/spg-venv/lib/python3.13/site-packages/pydantic/main.py:475: UserWarning: Pydantic serializer warnings:
    PydanticSerializationUnexpectedValue(Expected `str` - serialized value may not be as expected [field_name='value', input_value=['external release'], input_type=list])
    PydanticSerializationUnexpectedValue(Expected `int` - serialized value may not be as expected [field_name='value', input_value=['external release'], input_type=list])
    PydanticSerializationUnexpectedValue(Expected `float` - serialized value may not be as expected [field_name='value', input_value=['external release'], input_type=list])
    PydanticSerializationUnexpectedValue(Expected `bool` - serialized value may not be as expected [field_name='value', input_value=['external release'], input_type=list])
    PydanticSerializationUnexpectedValue(Expected `tuple[Union[str, int, float, bool], ...]` - serialized value may not be as expected [field_name='value', input_value=['external release'], input_type=list])
    return self.__pydantic_serializer__.to_python(

-- Docs: https://docs.pytest.org/en/stable/how-to/capture-warnings.html
--------------------- generated xml file: /out/result.xml ----------------------
====================== 319 passed, 10 warnings in 24.49s =======================
