 Container watt-lifecycle-qualification-app-1 Recreate 
 Container watt-lifecycle-qualification-native-tool-host-1 Recreate 
 Container watt-lifecycle-qualification-native-tool-host-1 Recreated 
 Container watt-lifecycle-qualification-app-1 Recreated 
 Container watt-lifecycle-qualification-native-worker-1 Recreate 
 Container watt-lifecycle-qualification-native-coordinator-1 Recreate 
 Container watt-lifecycle-qualification-native-worker-secondary-1 Recreate 
 Container watt-lifecycle-qualification-native-coordinator-1 Recreated 
 Container watt-lifecycle-qualification-native-worker-secondary-1 Recreated 
 Container watt-lifecycle-qualification-native-worker-1 Recreated 
 Container watt-lifecycle-qualification-native-tool-host-1 Starting 
 Container watt-lifecycle-qualification-app-1 Starting 
 Container watt-lifecycle-qualification-app-1 Started 
 Container watt-lifecycle-qualification-app-1 Waiting 
 Container watt-lifecycle-qualification-native-tool-host-1 Started 
 Container watt-lifecycle-qualification-app-1 Waiting 
 Container watt-lifecycle-qualification-native-tool-host-1 Waiting 
 Container watt-lifecycle-qualification-native-tool-host-1 Waiting 
 Container watt-lifecycle-qualification-app-1 Waiting 
 Container watt-lifecycle-qualification-native-tool-host-1 Healthy 
 Container watt-lifecycle-qualification-native-tool-host-1 Healthy 
 Container watt-lifecycle-qualification-app-1 Healthy 
 Container watt-lifecycle-qualification-native-coordinator-1 Starting 
 Container watt-lifecycle-qualification-app-1 Healthy 
 Container watt-lifecycle-qualification-native-worker-secondary-1 Starting 
 Container watt-lifecycle-qualification-app-1 Healthy 
 Container watt-lifecycle-qualification-native-worker-1 Starting 
 Container watt-lifecycle-qualification-native-coordinator-1 Started 
 Container watt-lifecycle-qualification-native-worker-1 Started 
 Container watt-lifecycle-qualification-native-worker-secondary-1 Started 
