........................................................................ [ 11%]
........................................................................ [ 23%]
........................................................................ [ 34%]
........................................................................ [ 46%]
........................................................................ [ 57%]
........................................................................ [ 69%]
........................................................................ [ 81%]
..............................................................FFF..F.... [ 92%]
..............................................                           [100%]
=================================== FAILURES ===================================
_ test_interrupted_feedback_retains_initial_request_view_and_original_receipts[True] _
tests/test_c3_source_consumer_input.py:150: in frozen_view
    return source_preconditions(*args, **kwargs)
           ^^^^^^^^^^^^^^^^^^^^^^^^^^^^^^^^^^^^^
/opt/spg-venv/lib/python3.13/site-packages/spg/application/governed_obligations.py:1829: in _owner_source_preconditions
    raise ValueError("OBLIGATION_FORMATION_REQUEST_VIEW_CONTRACT_INVALID")
E   ValueError: OBLIGATION_FORMATION_REQUEST_VIEW_CONTRACT_INVALID

During handling of the above exception, another exception occurred:
tests/test_c3_source_consumer_input.py:160: in test_interrupted_feedback_retains_initial_request_view_and_original_receipts
    app.form_fulfillment_projection(revision, ir, **kwargs)
/opt/spg-venv/lib/python3.13/site-packages/spg/application/governed_obligations.py:2793: in form_fulfillment_projection
    return _form_fulfillment_projection(revision, ir, **arguments)
           ^^^^^^^^^^^^^^^^^^^^^^^^^^^^^^^^^^^^^^^^^^^^^^^^^^^^^^^
/opt/spg-venv/lib/python3.13/site-packages/spg/application/governed_obligations.py:3068: in _form_fulfillment_projection
    current_request = next(row for row in recorder.records() if row["stage"] == "MODEL_REQUEST_PENDING" and row["attempt"] == attempt)
                      ^^^^^^^^^^^^^^^^^^^^^^^^^^^^^^^^^^^^^^^^^^^^^^^^^^^^^^^^^^^^^^^^^^^^^^^^^^^^^^^^^^^^^^^^^^^^^^^^^^^^^^^^^^^^^^^^
E   StopIteration
_ test_interrupted_feedback_retains_initial_request_view_and_original_receipts[v1] _
tests/test_c3_source_consumer_input.py:150: in frozen_view
    return source_preconditions(*args, **kwargs)
           ^^^^^^^^^^^^^^^^^^^^^^^^^^^^^^^^^^^^^
/opt/spg-venv/lib/python3.13/site-packages/spg/application/governed_obligations.py:1829: in _owner_source_preconditions
    raise ValueError("OBLIGATION_FORMATION_REQUEST_VIEW_CONTRACT_INVALID")
E   ValueError: OBLIGATION_FORMATION_REQUEST_VIEW_CONTRACT_INVALID

During handling of the above exception, another exception occurred:
tests/test_c3_source_consumer_input.py:160: in test_interrupted_feedback_retains_initial_request_view_and_original_receipts
    app.form_fulfillment_projection(revision, ir, **kwargs)
/opt/spg-venv/lib/python3.13/site-packages/spg/application/governed_obligations.py:2793: in form_fulfillment_projection
    return _form_fulfillment_projection(revision, ir, **arguments)
           ^^^^^^^^^^^^^^^^^^^^^^^^^^^^^^^^^^^^^^^^^^^^^^^^^^^^^^^
/opt/spg-venv/lib/python3.13/site-packages/spg/application/governed_obligations.py:3068: in _form_fulfillment_projection
    current_request = next(row for row in recorder.records() if row["stage"] == "MODEL_REQUEST_PENDING" and row["attempt"] == attempt)
                      ^^^^^^^^^^^^^^^^^^^^^^^^^^^^^^^^^^^^^^^^^^^^^^^^^^^^^^^^^^^^^^^^^^^^^^^^^^^^^^^^^^^^^^^^^^^^^^^^^^^^^^^^^^^^^^^^
E   StopIteration
_ test_interrupted_feedback_retains_initial_request_view_and_original_receipts[v2] _
tests/test_c3_source_consumer_input.py:150: in frozen_view
    return source_preconditions(*args, **kwargs)
           ^^^^^^^^^^^^^^^^^^^^^^^^^^^^^^^^^^^^^
/opt/spg-venv/lib/python3.13/site-packages/spg/application/governed_obligations.py:1829: in _owner_source_preconditions
    raise ValueError("OBLIGATION_FORMATION_REQUEST_VIEW_CONTRACT_INVALID")
E   ValueError: OBLIGATION_FORMATION_REQUEST_VIEW_CONTRACT_INVALID

During handling of the above exception, another exception occurred:
tests/test_c3_source_consumer_input.py:160: in test_interrupted_feedback_retains_initial_request_view_and_original_receipts
    app.form_fulfillment_projection(revision, ir, **kwargs)
/opt/spg-venv/lib/python3.13/site-packages/spg/application/governed_obligations.py:2793: in form_fulfillment_projection
    return _form_fulfillment_projection(revision, ir, **arguments)
           ^^^^^^^^^^^^^^^^^^^^^^^^^^^^^^^^^^^^^^^^^^^^^^^^^^^^^^^
/opt/spg-venv/lib/python3.13/site-packages/spg/application/governed_obligations.py:3068: in _form_fulfillment_projection
    current_request = next(row for row in recorder.records() if row["stage"] == "MODEL_REQUEST_PENDING" and row["attempt"] == attempt)
                      ^^^^^^^^^^^^^^^^^^^^^^^^^^^^^^^^^^^^^^^^^^^^^^^^^^^^^^^^^^^^^^^^^^^^^^^^^^^^^^^^^^^^^^^^^^^^^^^^^^^^^^^^^^^^^^^^
E   StopIteration
_ test_rejected_candidate_reference_retains_exact_wire_and_attempt[True-None] __
tests/test_c3_feedback_observation_capacity.py:78: in old_view
    return preconditions(*args,**kwargs)
           ^^^^^^^^^^^^^^^^^^^^^^^^^^^^^
/opt/spg-venv/lib/python3.13/site-packages/spg/application/governed_obligations.py:1829: in _owner_source_preconditions
    raise ValueError("OBLIGATION_FORMATION_REQUEST_VIEW_CONTRACT_INVALID")
E   ValueError: OBLIGATION_FORMATION_REQUEST_VIEW_CONTRACT_INVALID

During handling of the above exception, another exception occurred:
tests/test_c3_feedback_observation_capacity.py:81: in test_rejected_candidate_reference_retains_exact_wire_and_attempt
    result=app.form_fulfillment_projection(revision,ir,**kwargs)
           ^^^^^^^^^^^^^^^^^^^^^^^^^^^^^^^^^^^^^^^^^^^^^^^^^^^^^
/opt/spg-venv/lib/python3.13/site-packages/spg/application/governed_obligations.py:2793: in form_fulfillment_projection
    return _form_fulfillment_projection(revision, ir, **arguments)
           ^^^^^^^^^^^^^^^^^^^^^^^^^^^^^^^^^^^^^^^^^^^^^^^^^^^^^^^
/opt/spg-venv/lib/python3.13/site-packages/spg/application/governed_obligations.py:3068: in _form_fulfillment_projection
    current_request = next(row for row in recorder.records() if row["stage"] == "MODEL_REQUEST_PENDING" and row["attempt"] == attempt)
                      ^^^^^^^^^^^^^^^^^^^^^^^^^^^^^^^^^^^^^^^^^^^^^^^^^^^^^^^^^^^^^^^^^^^^^^^^^^^^^^^^^^^^^^^^^^^^^^^^^^^^^^^^^^^^^^^^
E   StopIteration
=============================== warnings summary ===============================
tests/test_c3_semantic_contract_calibration.py::test_negative_file_component_preserves_original_exclusion_and_requires_real_diff
  /opt/spg-venv/lib/python3.13/site-packages/pydantic/main.py:475: UserWarning: Pydantic serializer warnings:
    PydanticSerializationUnexpectedValue(Expected `str` - serialized value may not be as expected [field_name='value', input_value=['external release'], input_type=list])
    PydanticSerializationUnexpectedValue(Expected `int` - serialized value may not be as expected [field_name='value', input_value=['external release'], input_type=list])
    PydanticSerializationUnexpectedValue(Expected `float` - serialized value may not be as expected [field_name='value', input_value=['external release'], input_type=list])
    PydanticSerializationUnexpectedValue(Expected `bool` - serialized value may not be as expected [field_name='value', input_value=['external release'], input_type=list])
    PydanticSerializationUnexpectedValue(Expected `tuple[Union[str, int, float, bool], ...]` - serialized value may not be as expected [field_name='value', input_value=['external release'], input_type=list])
    return self.__pydantic_serializer__.to_python(

tests/test_c3_generation_owner_domains.py::test_v3_literal_scope_claim_keeps_qualifiers_and_requires_independent_component_review[qualifiers0]
tests/test_c3_generation_owner_domains.py::test_v3_literal_scope_claim_keeps_qualifiers_and_requires_independent_component_review[qualifiers1]
tests/test_c3_generation_owner_domains.py::test_v3_literal_scope_claim_keeps_qualifiers_and_requires_independent_component_review[qualifiers2]
  /opt/spg-venv/lib/python3.13/site-packages/pydantic/main.py:475: UserWarning: Pydantic serializer warnings:
    PydanticSerializationUnexpectedValue(Expected `str` - serialized value may not be as expected [field_name='value', input_value=['index.html'], input_type=list])
    PydanticSerializationUnexpectedValue(Expected `int` - serialized value may not be as expected [field_name='value', input_value=['index.html'], input_type=list])
    PydanticSerializationUnexpectedValue(Expected `float` - serialized value may not be as expected [field_name='value', input_value=['index.html'], input_type=list])
    PydanticSerializationUnexpectedValue(Expected `bool` - serialized value may not be as expected [field_name='value', input_value=['index.html'], input_type=list])
    PydanticSerializationUnexpectedValue(Expected `tuple[Union[str, int, float, bool], ...]` - serialized value may not be as expected [field_name='value', input_value=['index.html'], input_type=list])
    return self.__pydantic_serializer__.to_python(

-- Docs: https://docs.pytest.org/en/stable/how-to/capture-warnings.html
=========================== short test summary info ============================
FAILED tests/test_c3_source_consumer_input.py::test_interrupted_feedback_retains_initial_request_view_and_original_receipts[True]
FAILED tests/test_c3_source_consumer_input.py::test_interrupted_feedback_retains_initial_request_view_and_original_receipts[v1]
FAILED tests/test_c3_source_consumer_input.py::test_interrupted_feedback_retains_initial_request_view_and_original_receipts[v2]
FAILED tests/test_c3_feedback_observation_capacity.py::test_rejected_candidate_reference_retains_exact_wire_and_attempt[True-None]
4 failed, 618 passed, 4 warnings in 42.17s
