============================= test session starts ==============================
platform linux -- Python 3.13.16, pytest-9.1.1, pluggy-1.6.0
rootdir: /dev-input
configfile: pyproject.toml
plugins: anyio-4.14.2
collected 1 item

tests/integration/test_c3_fulfillment_receipts.py E                      [100%]

==================================== ERRORS ====================================
_ ERROR at setup of test_wire_feedback_capacity_stop_is_bounded_durable_and_never_reopens _
tests/integration/test_c1_contract_continuity.py:110: in c1_schema
    command.upgrade(Config(ROOT / "alembic.ini"), "head")
/opt/spg-venv/lib/python3.13/site-packages/alembic/command.py:467: in upgrade
    script = ScriptDirectory.from_config(config)
             ^^^^^^^^^^^^^^^^^^^^^^^^^^^^^^^^^^^
/opt/spg-venv/lib/python3.13/site-packages/alembic/script/base.py:165: in from_config
    raise util.CommandError(
E   alembic.util.exc.CommandError: No 'script_location' key found in configuration.
----------------- generated xml file: /c3-evidence/result.xml ------------------
=========================== short test summary info ============================
ERROR tests/integration/test_c3_fulfillment_receipts.py::test_wire_feedback_capacity_stop_is_bounded_durable_and_never_reopens
=============================== 1 error in 3.85s ===============================
