============================= test session starts ==============================
platform linux -- Python 3.13.16, pytest-9.1.1, pluggy-1.6.0
rootdir: /dev-input
configfile: pyproject.toml
plugins: anyio-4.14.2
collected 162 items

tests/test_c3_generation_owner_domains.py .............................. [ 18%]
..                                                                       [ 19%]
tests/test_c3_source_role_contract.py ...FFF........                     [ 28%]
tests/test_c3_fulfillment_repair_context.py ............................ [ 45%]
..........                                                               [ 51%]
tests/test_c3_fulfillment_wire_feedback.py ............................. [ 69%]
.........                                                                [ 75%]
tests/test_c3_semantic_contract_calibration.py ......................... [ 90%]
...............                                                          [100%]

=================================== FAILURES ===================================
_ test_generation_domain_preserves_legal_reviewed_whole_background_not_just_typed_context[This is an internal review exercise.] _
tests/test_c3_source_role_contract.py:78: in test_generation_domain_preserves_legal_reviewed_whole_background_not_just_typed_context
    assert {'properties': {'a': {'enum': [0]}, 'z': {'enum': [len(description)]}}} in branch['anyOf']
E   AssertionError: assert {'properties': {'a': {'enum': [0]}, 'z': {'enum': [36]}}} in [{'properties': {'q': {'type': 'null'}, 'a': {'enum': [0]}, 'z': {'enum': [36]}}}, {'properties': {'q': {'type': 'string', 'minLength': 1}}}]
_ test_generation_domain_preserves_legal_reviewed_whole_background_not_just_typed_context[\u8fd9\u662f\u4e00\u6b21\u5185\u90e8\u9a8c\u8bc1\u573a\u666f\u3002] _
tests/test_c3_source_role_contract.py:78: in test_generation_domain_preserves_legal_reviewed_whole_background_not_just_typed_context
    assert {'properties': {'a': {'enum': [0]}, 'z': {'enum': [len(description)]}}} in branch['anyOf']
E   AssertionError: assert {'properties': {'a': {'enum': [0]}, 'z': {'enum': [11]}}} in [{'properties': {'q': {'type': 'null'}, 'a': {'enum': [0]}, 'z': {'enum': [11]}}}, {'properties': {'q': {'type': 'string', 'minLength': 1}}}]
_ test_generation_domain_preserves_legal_reviewed_whole_background_not_just_typed_context[The present output is a software artifact.] _
tests/test_c3_source_role_contract.py:78: in test_generation_domain_preserves_legal_reviewed_whole_background_not_just_typed_context
    assert {'properties': {'a': {'enum': [0]}, 'z': {'enum': [len(description)]}}} in branch['anyOf']
E   AssertionError: assert {'properties': {'a': {'enum': [0]}, 'z': {'enum': [42]}}} in [{'properties': {'q': {'type': 'null'}, 'a': {'enum': [0]}, 'z': {'enum': [42]}}}, {'properties': {'q': {'type': 'string', 'minLength': 1}}}]
=============================== warnings summary ===============================
tests/test_c3_semantic_contract_calibration.py::test_negative_file_component_preserves_original_exclusion_and_requires_real_diff
  /opt/spg-venv/lib/python3.13/site-packages/pydantic/main.py:475: UserWarning: Pydantic serializer warnings:
    PydanticSerializationUnexpectedValue(Expected `str` - serialized value may not be as expected [field_name='value', input_value=['external release'], input_type=list])
    PydanticSerializationUnexpectedValue(Expected `int` - serialized value may not be as expected [field_name='value', input_value=['external release'], input_type=list])
    PydanticSerializationUnexpectedValue(Expected `float` - serialized value may not be as expected [field_name='value', input_value=['external release'], input_type=list])
    PydanticSerializationUnexpectedValue(Expected `bool` - serialized value may not be as expected [field_name='value', input_value=['external release'], input_type=list])
    PydanticSerializationUnexpectedValue(Expected `tuple[Union[str, int, float, bool], ...]` - serialized value may not be as expected [field_name='value', input_value=['external release'], input_type=list])
    return self.__pydantic_serializer__.to_python(

-- Docs: https://docs.pytest.org/en/stable/how-to/capture-warnings.html
--------------------- generated xml file: /out/result.xml ----------------------
=========================== short test summary info ============================
FAILED tests/test_c3_source_role_contract.py::test_generation_domain_preserves_legal_reviewed_whole_background_not_just_typed_context[This is an internal review exercise.]
FAILED tests/test_c3_source_role_contract.py::test_generation_domain_preserves_legal_reviewed_whole_background_not_just_typed_context[\u8fd9\u662f\u4e00\u6b21\u5185\u90e8\u9a8c\u8bc1\u573a\u666f\u3002]
FAILED tests/test_c3_source_role_contract.py::test_generation_domain_preserves_legal_reviewed_whole_background_not_just_typed_context[The present output is a software artifact.]
================== 3 failed, 159 passed, 1 warning in 14.72s ===================
