......................F..........                                        [100%]
=================================== FAILURES ===================================
_ test_negative_scope_values_never_become_positive_allowlist_and_actual_diff_stays_exact _
tests/test_c3_source_consumption_proof.py:234: in test_negative_scope_values_never_become_positive_allowlist_and_actual_diff_stays_exact
    assert binding.formation_receipt is not None
E   AssertionError: assert None is not None
E    +  where None = FulfillmentBinding(fact_id=UUID('7fd481bc-8c5c-4138-a7ad-2a5b0b06ce98'), source_kind=<FulfillmentSourceKind.FACT: 'FAC... boundary.', linked_fact_refs=('semantic-fact:7fd481bc-8c5c-4138-a7ad-2a5b0b06ce98',)), state='BOUND_PENDING_EVIDENCE').formation_receipt
=============================== warnings summary ===============================
tests/test_c3_semantic_contract_calibration.py::test_negative_file_component_preserves_original_exclusion_and_requires_real_diff
  /opt/spg-venv/lib/python3.13/site-packages/pydantic/main.py:475: UserWarning: Pydantic serializer warnings:
    PydanticSerializationUnexpectedValue(Expected `str` - serialized value may not be as expected [field_name='value', input_value=['external release'], input_type=list])
    PydanticSerializationUnexpectedValue(Expected `int` - serialized value may not be as expected [field_name='value', input_value=['external release'], input_type=list])
    PydanticSerializationUnexpectedValue(Expected `float` - serialized value may not be as expected [field_name='value', input_value=['external release'], input_type=list])
    PydanticSerializationUnexpectedValue(Expected `bool` - serialized value may not be as expected [field_name='value', input_value=['external release'], input_type=list])
    PydanticSerializationUnexpectedValue(Expected `tuple[Union[str, int, float, bool], ...]` - serialized value may not be as expected [field_name='value', input_value=['external release'], input_type=list])
    return self.__pydantic_serializer__.to_python(

-- Docs: https://docs.pytest.org/en/stable/how-to/capture-warnings.html
=========================== short test summary info ============================
FAILED tests/test_c3_source_consumption_proof.py::test_negative_scope_values_never_become_positive_allowlist_and_actual_diff_stays_exact
1 failed, 32 passed, 1 warning in 17.86s
