============================= test session starts ==============================
platform linux -- Python 3.13.16, pytest-9.1.1, pluggy-1.6.0
rootdir: /dev-input
configfile: pyproject.toml
plugins: anyio-4.14.2
collected 348 items

tests/test_c3_fulfillment_capacity_representation.py ................... [  5%]
..................................                                       [ 15%]
tests/test_c3_owner_repair_preconditions.py ............................ [ 23%]
.........................                                                [ 30%]
tests/test_c3_generation_owner_domains.py .............................. [ 39%]
.............................................................            [ 56%]
tests/test_c3_source_consumer_input.py .......F.F                        [ 59%]
tests/test_c3_source_role_contract.py .................                  [ 64%]
tests/test_c3_fulfillment_repair_context.py ............................ [ 72%]
..................                                                       [ 77%]
tests/test_c3_fulfillment_wire_feedback.py ............................. [ 85%]
.........                                                                [ 88%]
tests/test_c3_semantic_contract_calibration.py ......................... [ 95%]
...............                                                          [100%]

=================================== FAILURES ===================================
_______ test_join_does_not_replace_conditional_background_with_a_verdict _______
tests/test_c3_source_consumer_input.py:82: in test_join_does_not_replace_conditional_background_with_a_verdict
    with pytest.raises(ValueError, match="SEMANTIC_REVIEW_REQUIRED"):
         ^^^^^^^^^^^^^^^^^^^^^^^^^^^^^^^^^^^^^^^^^^^^^^^^^^^^^^^^^^^
E   AssertionError: Regex pattern did not match.
E     Expected regex: 'SEMANTIC_REVIEW_REQUIRED'
E     Actual message: 'OBLIGATION_COMPONENT_REVIEW_REQUIRED'
______ test_new_view_is_receipt_bound_and_replay_does_not_generate_again _______
tests/test_c3_source_consumer_input.py:130: in test_new_view_is_receipt_bound_and_replay_does_not_generate_again
    stopped = form_fulfillment_projection(revision, ir, **kwargs)
              ^^^^^^^^^^^^^^^^^^^^^^^^^^^^^^^^^^^^^^^^^^^^^^^^^^^
src/spg/application/governed_obligations.py:2500: in form_fulfillment_projection
    return _form_fulfillment_projection(revision, ir, **arguments)
           ^^^^^^^^^^^^^^^^^^^^^^^^^^^^^^^^^^^^^^^^^^^^^^^^^^^^^^^
src/spg/application/governed_obligations.py:2610: in _form_fulfillment_projection
    _validate_wire_feedback_lineage(rows, revision, ir, inventory, capabilities)
src/spg/application/governed_obligations.py:2263: in _validate_wire_feedback_lineage
    or preconditions != _owner_source_preconditions(revision, ir, inventory, capabilities,
src/spg/application/governed_obligations.py:1763: in _owner_source_preconditions
    raise ValueError("OBLIGATION_FORMATION_REQUEST_VIEW_CONTRACT_INVALID")
E   ValueError: OBLIGATION_FORMATION_REQUEST_VIEW_CONTRACT_INVALID
=============================== warnings summary ===============================
tests/test_c3_fulfillment_capacity_representation.py::test_independent_review_reuses_wire_without_losing_any_component[small]
tests/test_c3_fulfillment_capacity_representation.py::test_independent_review_reuses_wire_without_losing_any_component[medium]
tests/test_c3_fulfillment_capacity_representation.py::test_independent_review_reuses_wire_without_losing_any_component[complex]
  tests/test_c3_fulfillment_capacity_representation.py:155: PytestWarning: record_property is incompatible with junit_family 'xunit2' (use 'legacy' or 'xunit1')
    @pytest.mark.parametrize('scale', ('small','medium','complex'))

tests/test_c3_fulfillment_capacity_representation.py::test_compact_representation_preserves_complete_inventory_and_existing_owners[small]
tests/test_c3_fulfillment_capacity_representation.py::test_compact_representation_preserves_complete_inventory_and_existing_owners[medium]
tests/test_c3_fulfillment_capacity_representation.py::test_compact_representation_preserves_complete_inventory_and_existing_owners[complex]
  tests/test_c3_fulfillment_capacity_representation.py:220: PytestWarning: record_property is incompatible with junit_family 'xunit2' (use 'legacy' or 'xunit1')
    @pytest.mark.parametrize("scale", ("small", "medium", "complex"))

tests/test_c3_generation_owner_domains.py::test_v3_literal_scope_claim_keeps_qualifiers_and_requires_independent_component_review[qualifiers0]
tests/test_c3_generation_owner_domains.py::test_v3_literal_scope_claim_keeps_qualifiers_and_requires_independent_component_review[qualifiers1]
tests/test_c3_generation_owner_domains.py::test_v3_literal_scope_claim_keeps_qualifiers_and_requires_independent_component_review[qualifiers2]
  /opt/spg-venv/lib/python3.13/site-packages/pydantic/main.py:475: UserWarning: Pydantic serializer warnings:
    PydanticSerializationUnexpectedValue(Expected `str` - serialized value may not be as expected [field_name='value', input_value=['index.html'], input_type=list])
    PydanticSerializationUnexpectedValue(Expected `int` - serialized value may not be as expected [field_name='value', input_value=['index.html'], input_type=list])
    PydanticSerializationUnexpectedValue(Expected `float` - serialized value may not be as expected [field_name='value', input_value=['index.html'], input_type=list])
    PydanticSerializationUnexpectedValue(Expected `bool` - serialized value may not be as expected [field_name='value', input_value=['index.html'], input_type=list])
    PydanticSerializationUnexpectedValue(Expected `tuple[Union[str, int, float, bool], ...]` - serialized value may not be as expected [field_name='value', input_value=['index.html'], input_type=list])
    return self.__pydantic_serializer__.to_python(

tests/test_c3_semantic_contract_calibration.py::test_negative_file_component_preserves_original_exclusion_and_requires_real_diff
  /opt/spg-venv/lib/python3.13/site-packages/pydantic/main.py:475: UserWarning: Pydantic serializer warnings:
    PydanticSerializationUnexpectedValue(Expected `str` - serialized value may not be as expected [field_name='value', input_value=['external release'], input_type=list])
    PydanticSerializationUnexpectedValue(Expected `int` - serialized value may not be as expected [field_name='value', input_value=['external release'], input_type=list])
    PydanticSerializationUnexpectedValue(Expected `float` - serialized value may not be as expected [field_name='value', input_value=['external release'], input_type=list])
    PydanticSerializationUnexpectedValue(Expected `bool` - serialized value may not be as expected [field_name='value', input_value=['external release'], input_type=list])
    PydanticSerializationUnexpectedValue(Expected `tuple[Union[str, int, float, bool], ...]` - serialized value may not be as expected [field_name='value', input_value=['external release'], input_type=list])
    return self.__pydantic_serializer__.to_python(

-- Docs: https://docs.pytest.org/en/stable/how-to/capture-warnings.html
--------------------- generated xml file: /out/result.xml ----------------------
=========================== short test summary info ============================
FAILED tests/test_c3_source_consumer_input.py::test_join_does_not_replace_conditional_background_with_a_verdict
FAILED tests/test_c3_source_consumer_input.py::test_new_view_is_receipt_bound_and_replay_does_not_generate_again
================= 2 failed, 346 passed, 10 warnings in 27.05s ==================
