EEEE                                                                     [100%]
==================================== ERRORS ====================================
_ ERROR at setup of test_owner_observation_survives_legal_plan_clear_and_preserves_budget[work] _
tests/integration/test_c1_contract_continuity.py:108: in c1_schema
    assert url.database == "c1_contract_continuity"
E   AssertionError: assert 'spg_c3_capacity_fixture' == 'c1_contract_continuity'
E     
E     - c1_contract_continuity
E     + spg_c3_capacity_fixture
_ ERROR at setup of test_owner_observation_survives_legal_plan_clear_and_preserves_budget[steering] _
tests/integration/test_c1_contract_continuity.py:108: in c1_schema
    assert url.database == "c1_contract_continuity"
E   AssertionError: assert 'spg_c3_capacity_fixture' == 'c1_contract_continuity'
E     
E     - c1_contract_continuity
E     + spg_c3_capacity_fixture
_ ERROR at setup of test_actual_compact_observation_replays_from_postgresql_without_repeating_formation[work] _
tests/integration/test_c1_contract_continuity.py:108: in c1_schema
    assert url.database == "c1_contract_continuity"
E   AssertionError: assert 'spg_c3_capacity_fixture' == 'c1_contract_continuity'
E     
E     - c1_contract_continuity
E     + spg_c3_capacity_fixture
_ ERROR at setup of test_actual_compact_observation_replays_from_postgresql_without_repeating_formation[steering] _
tests/integration/test_c1_contract_continuity.py:108: in c1_schema
    assert url.database == "c1_contract_continuity"
E   AssertionError: assert 'spg_c3_capacity_fixture' == 'c1_contract_continuity'
E     
E     - c1_contract_continuity
E     + spg_c3_capacity_fixture
=========================== short test summary info ============================
ERROR tests/integration/test_c3_fulfillment_receipts.py::test_owner_observation_survives_legal_plan_clear_and_preserves_budget[work]
ERROR tests/integration/test_c3_fulfillment_receipts.py::test_owner_observation_survives_legal_plan_clear_and_preserves_budget[steering]
ERROR tests/integration/test_c3_fulfillment_receipts.py::test_actual_compact_observation_replays_from_postgresql_without_repeating_formation[work]
ERROR tests/integration/test_c3_fulfillment_receipts.py::test_actual_compact_observation_replays_from_postgresql_without_repeating_formation[steering]
4 errors in 4.54s
