============================= test session starts ==============================
platform linux -- Python 3.13.16, pytest-9.1.1, pluggy-1.6.0
rootdir: /qualification
configfile: pyproject.toml
plugins: anyio-4.14.2
collected 22 items / 1 error

==================================== ERRORS ====================================
______ ERROR collecting tests/integration/test_c3_fulfillment_receipts.py ______
/opt/c3-test-deps/_pytest/python.py:508: in importtestmodule
    mod = import_path(
/opt/c3-test-deps/_pytest/pathlib.py:596: in import_path
    importlib.import_module(module_name)
/usr/local/lib/python3.13/importlib/__init__.py:88: in import_module
    return _bootstrap._gcd_import(name[level:], package, level)
           ^^^^^^^^^^^^^^^^^^^^^^^^^^^^^^^^^^^^^^^^^^^^^^^^^^^^
<frozen importlib._bootstrap>:1404: in _gcd_import
    ???
<frozen importlib._bootstrap>:1369: in _find_and_load
    ???
<frozen importlib._bootstrap>:1340: in _find_and_load_unlocked
    ???
<frozen importlib._bootstrap>:935: in _load_unlocked
    ???
/opt/c3-test-deps/_pytest/assertion/rewrite.py:179: in exec_module
    source_stat, co = _rewrite_test(fn, self.config)
                      ^^^^^^^^^^^^^^^^^^^^^^^^^^^^^^
/opt/c3-test-deps/_pytest/assertion/rewrite.py:348: in _rewrite_test
    tree = ast.parse(source, filename=strfn)
           ^^^^^^^^^^^^^^^^^^^^^^^^^^^^^^^^^
/usr/local/lib/python3.13/ast.py:50: in parse
    return compile(source, filename, mode, flags,
E     File "/qualification/tests/integration/test_c3_fulfillment_receipts.py", line 210
E       import json
E   IndentationError: unexpected indent
----------------- generated xml file: /c3-evidence/result.xml ------------------
=========================== short test summary info ============================
ERROR tests/integration/test_c3_fulfillment_receipts.py
!!!!!!!!!!!!!!!!!!!! Interrupted: 1 error during collection !!!!!!!!!!!!!!!!!!!!
=============================== 1 error in 2.69s ===============================
