FF...........................
=================================== FAILURES ===================================
_____________ test_server_derives_actor_and_checks_resource_access _____________

self = <sqlalchemy.engine.base.Connection object at 0x1135f28b0>
dialect = <sqlalchemy.dialects.postgresql.psycopg.PGDialect_psycopg object at 0x112e93770>
context = <sqlalchemy.dialects.postgresql.psycopg.PGExecutionContext_psycopg object at 0x11363e7a0>
statement = <sqlalchemy.dialects.postgresql.psycopg.PGCompiler_psycopg object at 0x112fbf890>
parameters = [{'resource_kind': 'work', 'resource_id': '625ebf61-9631-4fc5-beb9-0151604a3dbe', 'actor_id': 'human:owner', 'role': 'OWNER'}]

    def _exec_single_context(
        self,
        dialect: Dialect,
        context: ExecutionContext,
        statement: Union[str, Compiled],
        parameters: Optional[_AnyMultiExecuteParams],
    ) -> CursorResult[Any]:
        """continue the _execute_context() method for a single DBAPI
        cursor.execute() or cursor.executemany() call.
    
        """
        if dialect.bind_typing is BindTyping.SETINPUTSIZES:
            generic_setinputsizes = context._prepare_set_input_sizes()
    
            if generic_setinputsizes:
                try:
                    dialect.do_set_input_sizes(
                        context.cursor, generic_setinputsizes, context
                    )
                except BaseException as e:
                    self._handle_dbapi_exception(
                        e, str(statement), parameters, None, context
                    )
    
        cursor, str_statement, parameters = (
            context.cursor,
            context.statement,
            context.parameters,
        )
    
        effective_parameters: Optional[_AnyExecuteParams]
    
        if not context.executemany:
            effective_parameters = parameters[0]
        else:
            effective_parameters = parameters
    
        if self._has_events or self.engine._has_events:
            for fn in self.dispatch.before_cursor_execute:
                str_statement, effective_parameters = fn(
                    self,
                    cursor,
                    str_statement,
                    effective_parameters,
                    context,
                    context.executemany,
                )
    
        if self._echo:
            self._log_info(str_statement)
    
            stats = context._get_cache_stats()
    
            if not self.engine.hide_parameters:
                self._log_info(
                    "[%s] %r",
                    stats,
                    sql_util._repr_params(
                        effective_parameters,
                        batches=10,
                        ismulti=context.executemany,
                    ),
                )
            else:
                self._log_info(
                    "[%s] [SQL parameters hidden due to hide_parameters=True]",
                    stats,
                )
    
        evt_handled: bool = False
        try:
            if context.execute_style is ExecuteStyle.EXECUTEMANY:
                effective_parameters = cast(
                    "_CoreMultiExecuteParams", effective_parameters
                )
                if self.dialect._has_events:
                    for fn in self.dialect.dispatch.do_executemany:
                        if fn(
                            cursor,
                            str_statement,
                            effective_parameters,
                            context,
                        ):
                            evt_handled = True
                            break
                if not evt_handled:
                    self.dialect.do_executemany(
                        cursor,
                        str_statement,
                        effective_parameters,
                        context,
                    )
            elif not effective_parameters and context.no_parameters:
                if self.dialect._has_events:
                    for fn in self.dialect.dispatch.do_execute_no_params:
                        if fn(cursor, str_statement, context):
                            evt_handled = True
                            break
                if not evt_handled:
                    self.dialect.do_execute_no_params(
                        cursor, str_statement, context
                    )
            else:
                effective_parameters = cast(
                    "_CoreSingleExecuteParams", effective_parameters
                )
                if self.dialect._has_events:
                    for fn in self.dialect.dispatch.do_execute:
                        if fn(
                            cursor,
                            str_statement,
                            effective_parameters,
                            context,
                        ):
                            evt_handled = True
                            break
                if not evt_handled:
>                   self.dialect.do_execute(
                        cursor, str_statement, effective_parameters, context
                    )

.venv/lib/python3.13/site-packages/sqlalchemy/engine/base.py:1969: 
_ _ _ _ _ _ _ _ _ _ _ _ _ _ _ _ _ _ _ _ _ _ _ _ _ _ _ _ _ _ _ _ _ _ _ _ _ _ _ _ 
.venv/lib/python3.13/site-packages/sqlalchemy/engine/default.py:952: in do_execute
    cursor.execute(statement, parameters)
_ _ _ _ _ _ _ _ _ _ _ _ _ _ _ _ _ _ _ _ _ _ _ _ _ _ _ _ _ _ _ _ _ _ _ _ _ _ _ _ 

self = <psycopg.Cursor [closed] [IDLE] (host=127.0.0.1 port=55438 user=postgres database=spg_lifecycle_integration) at 0x112ebbf50>
query = 'INSERT INTO authority_resource_access (resource_kind, resource_id, actor_id, role) VALUES (%(resource_kind)s::VARCHAR, %(resource_id)s::VARCHAR, %(actor_id)s::VARCHAR, %(role)s::VARCHAR)'
params = {'resource_kind': 'work', 'resource_id': '625ebf61-9631-4fc5-beb9-0151604a3dbe', 'actor_id': 'human:owner', 'role': 'OWNER'}
prepare = None, binary = None

    def execute(
        self,
        query: Query,
        params: Params | None = None,
        *,
        prepare: bool | None = None,
        binary: bool | None = None,
    ) -> Self:
        """
        Execute a query or command to the database.
        """
        try:
            with self._conn.lock:
                self._conn.wait(
                    self._execute_gen(query, params, prepare=prepare, binary=binary)
                )
        except e._NO_TRACEBACK as ex:
>           raise ex.with_traceback(None)
E           psycopg.errors.UndefinedTable: relation "authority_resource_access" does not exist
E           LINE 1: INSERT INTO authority_resource_access (resource_kind, resour...
E                               ^

.venv/lib/python3.13/site-packages/psycopg/cursor.py:117: UndefinedTable

The above exception was the direct cause of the following exception:

postgres_database = Database(engine=Engine(postgresql+psycopg://postgres:***@127.0.0.1:55438/spg_lifecycle_integration), session_factory=s...postgresql+psycopg://postgres:***@127.0.0.1:55438/spg_lifecycle_integration), autoflush=False, expire_on_commit=False))

    def test_server_derives_actor_and_checks_resource_access(postgres_database):
        app = FastAPI()
    
        @app.post("/api/works/{work_id}/approve")
        async def approve(work_id: str, request: Request):
            return {"actor": request.state.actor_id, "payload": await request.json()}
    
        install_authority_boundary(app, database=postgres_database,
            settings=Settings(auth_mode="required", operator_token=TOKEN))
        owned = uuid4()
        unowned = uuid4()
        with postgres_database.unit_of_work() as uow:
>           uow.session.execute(insert(authority_resource_access).values(
                resource_kind="work", resource_id=str(owned),
                actor_id="human:owner", role="OWNER"))

tests/integration/test_authenticated_authority.py:29: 
_ _ _ _ _ _ _ _ _ _ _ _ _ _ _ _ _ _ _ _ _ _ _ _ _ _ _ _ _ _ _ _ _ _ _ _ _ _ _ _ 
.venv/lib/python3.13/site-packages/sqlalchemy/orm/session.py:2373: in execute
    return self._execute_internal(
.venv/lib/python3.13/site-packages/sqlalchemy/orm/session.py:2280: in _execute_internal
    result = conn.execute(
.venv/lib/python3.13/site-packages/sqlalchemy/engine/base.py:1421: in execute
    return meth(
.venv/lib/python3.13/site-packages/sqlalchemy/sql/elements.py:526: in _execute_on_connection
    return connection._execute_clauseelement(
.venv/lib/python3.13/site-packages/sqlalchemy/engine/base.py:1643: in _execute_clauseelement
    ret = self._execute_context(
.venv/lib/python3.13/site-packages/sqlalchemy/engine/base.py:1848: in _execute_context
    return self._exec_single_context(
.venv/lib/python3.13/site-packages/sqlalchemy/engine/base.py:1988: in _exec_single_context
    self._handle_dbapi_exception(
.venv/lib/python3.13/site-packages/sqlalchemy/engine/base.py:2365: in _handle_dbapi_exception
    raise sqlalchemy_exception.with_traceback(exc_info[2]) from e
.venv/lib/python3.13/site-packages/sqlalchemy/engine/base.py:1969: in _exec_single_context
    self.dialect.do_execute(
.venv/lib/python3.13/site-packages/sqlalchemy/engine/default.py:952: in do_execute
    cursor.execute(statement, parameters)
_ _ _ _ _ _ _ _ _ _ _ _ _ _ _ _ _ _ _ _ _ _ _ _ _ _ _ _ _ _ _ _ _ _ _ _ _ _ _ _ 

self = <psycopg.Cursor [closed] [IDLE] (host=127.0.0.1 port=55438 user=postgres database=spg_lifecycle_integration) at 0x112ebbf50>
query = 'INSERT INTO authority_resource_access (resource_kind, resource_id, actor_id, role) VALUES (%(resource_kind)s::VARCHAR, %(resource_id)s::VARCHAR, %(actor_id)s::VARCHAR, %(role)s::VARCHAR)'
params = {'resource_kind': 'work', 'resource_id': '625ebf61-9631-4fc5-beb9-0151604a3dbe', 'actor_id': 'human:owner', 'role': 'OWNER'}
prepare = None, binary = None

    def execute(
        self,
        query: Query,
        params: Params | None = None,
        *,
        prepare: bool | None = None,
        binary: bool | None = None,
    ) -> Self:
        """
        Execute a query or command to the database.
        """
        try:
            with self._conn.lock:
                self._conn.wait(
                    self._execute_gen(query, params, prepare=prepare, binary=binary)
                )
        except e._NO_TRACEBACK as ex:
>           raise ex.with_traceback(None)
E           sqlalchemy.exc.ProgrammingError: (psycopg.errors.UndefinedTable) relation "authority_resource_access" does not exist
E           LINE 1: INSERT INTO authority_resource_access (resource_kind, resour...
E                               ^
E           [SQL: INSERT INTO authority_resource_access (resource_kind, resource_id, actor_id, role) VALUES (%(resource_kind)s::VARCHAR, %(resource_id)s::VARCHAR, %(actor_id)s::VARCHAR, %(role)s::VARCHAR)]
E           [parameters: {'resource_kind': 'work', 'resource_id': '625ebf61-9631-4fc5-beb9-0151604a3dbe', 'actor_id': 'human:owner', 'role': 'OWNER'}]
E           (Background on this error at: https://sqlalche.me/e/20/f405)

.venv/lib/python3.13/site-packages/psycopg/cursor.py:117: ProgrammingError
__________ test_session_cookie_requires_same_origin_for_governed_post __________

self = <sqlalchemy.engine.base.Connection object at 0x11363f790>
dialect = <sqlalchemy.dialects.postgresql.psycopg.PGDialect_psycopg object at 0x112e93770>
context = <sqlalchemy.dialects.postgresql.psycopg.PGExecutionContext_psycopg object at 0x11363f8a0>
statement = <sqlalchemy.dialects.postgresql.psycopg.PGCompiler_psycopg object at 0x11382b750>
parameters = [{'organization_id_1': 'organization:default', 'actor_id_1': 'human:owner'}]

    def _exec_single_context(
        self,
        dialect: Dialect,
        context: ExecutionContext,
        statement: Union[str, Compiled],
        parameters: Optional[_AnyMultiExecuteParams],
    ) -> CursorResult[Any]:
        """continue the _execute_context() method for a single DBAPI
        cursor.execute() or cursor.executemany() call.
    
        """
        if dialect.bind_typing is BindTyping.SETINPUTSIZES:
            generic_setinputsizes = context._prepare_set_input_sizes()
    
            if generic_setinputsizes:
                try:
                    dialect.do_set_input_sizes(
                        context.cursor, generic_setinputsizes, context
                    )
                except BaseException as e:
                    self._handle_dbapi_exception(
                        e, str(statement), parameters, None, context
                    )
    
        cursor, str_statement, parameters = (
            context.cursor,
            context.statement,
            context.parameters,
        )
    
        effective_parameters: Optional[_AnyExecuteParams]
    
        if not context.executemany:
            effective_parameters = parameters[0]
        else:
            effective_parameters = parameters
    
        if self._has_events or self.engine._has_events:
            for fn in self.dispatch.before_cursor_execute:
                str_statement, effective_parameters = fn(
                    self,
                    cursor,
                    str_statement,
                    effective_parameters,
                    context,
                    context.executemany,
                )
    
        if self._echo:
            self._log_info(str_statement)
    
            stats = context._get_cache_stats()
    
            if not self.engine.hide_parameters:
                self._log_info(
                    "[%s] %r",
                    stats,
                    sql_util._repr_params(
                        effective_parameters,
                        batches=10,
                        ismulti=context.executemany,
                    ),
                )
            else:
                self._log_info(
                    "[%s] [SQL parameters hidden due to hide_parameters=True]",
                    stats,
                )
    
        evt_handled: bool = False
        try:
            if context.execute_style is ExecuteStyle.EXECUTEMANY:
                effective_parameters = cast(
                    "_CoreMultiExecuteParams", effective_parameters
                )
                if self.dialect._has_events:
                    for fn in self.dialect.dispatch.do_executemany:
                        if fn(
                            cursor,
                            str_statement,
                            effective_parameters,
                            context,
                        ):
                            evt_handled = True
                            break
                if not evt_handled:
                    self.dialect.do_executemany(
                        cursor,
                        str_statement,
                        effective_parameters,
                        context,
                    )
            elif not effective_parameters and context.no_parameters:
                if self.dialect._has_events:
                    for fn in self.dialect.dispatch.do_execute_no_params:
                        if fn(cursor, str_statement, context):
                            evt_handled = True
                            break
                if not evt_handled:
                    self.dialect.do_execute_no_params(
                        cursor, str_statement, context
                    )
            else:
                effective_parameters = cast(
                    "_CoreSingleExecuteParams", effective_parameters
                )
                if self.dialect._has_events:
                    for fn in self.dialect.dispatch.do_execute:
                        if fn(
                            cursor,
                            str_statement,
                            effective_parameters,
                            context,
                        ):
                            evt_handled = True
                            break
                if not evt_handled:
>                   self.dialect.do_execute(
                        cursor, str_statement, effective_parameters, context
                    )

.venv/lib/python3.13/site-packages/sqlalchemy/engine/base.py:1969: 
_ _ _ _ _ _ _ _ _ _ _ _ _ _ _ _ _ _ _ _ _ _ _ _ _ _ _ _ _ _ _ _ _ _ _ _ _ _ _ _ 
.venv/lib/python3.13/site-packages/sqlalchemy/engine/default.py:952: in do_execute
    cursor.execute(statement, parameters)
_ _ _ _ _ _ _ _ _ _ _ _ _ _ _ _ _ _ _ _ _ _ _ _ _ _ _ _ _ _ _ _ _ _ _ _ _ _ _ _ 

self = <psycopg.Cursor [closed] [IDLE] (host=127.0.0.1 port=55438 user=postgres database=spg_lifecycle_integration) at 0x1136acb90>
query = 'SELECT authority_memberships.role \nFROM authority_memberships \nWHERE authority_memberships.organization_id = %(organization_id_1)s::VARCHAR AND authority_memberships.actor_id = %(actor_id_1)s::VARCHAR'
params = {'organization_id_1': 'organization:default', 'actor_id_1': 'human:owner'}
prepare = None, binary = None

    def execute(
        self,
        query: Query,
        params: Params | None = None,
        *,
        prepare: bool | None = None,
        binary: bool | None = None,
    ) -> Self:
        """
        Execute a query or command to the database.
        """
        try:
            with self._conn.lock:
                self._conn.wait(
                    self._execute_gen(query, params, prepare=prepare, binary=binary)
                )
        except e._NO_TRACEBACK as ex:
>           raise ex.with_traceback(None)
E           psycopg.errors.UndefinedTable: relation "authority_memberships" does not exist
E           LINE 2: FROM authority_memberships 
E                        ^

.venv/lib/python3.13/site-packages/psycopg/cursor.py:117: UndefinedTable

The above exception was the direct cause of the following exception:

postgres_database = Database(engine=Engine(postgresql+psycopg://postgres:***@127.0.0.1:55438/spg_lifecycle_integration), session_factory=s...postgresql+psycopg://postgres:***@127.0.0.1:55438/spg_lifecycle_integration), autoflush=False, expire_on_commit=False))

    def test_session_cookie_requires_same_origin_for_governed_post(postgres_database):
        app = FastAPI()
    
        @app.post("/api/action")
        async def action(request: Request):
            return {"actor": request.state.actor_id}
    
        install_authority_boundary(app, database=postgres_database,
            settings=Settings(auth_mode="required", operator_token=TOKEN))
        client = TestClient(app)
        login = client.post("/auth/session", json={"token": TOKEN})
        assert login.status_code == 200
        assert "httponly" in login.headers["set-cookie"].lower()
        assert client.post("/api/action", json={}).status_code == 403
>       allowed = client.post("/api/action", json={},
            headers={"Origin": "http://testserver"})

tests/integration/test_authenticated_authority.py:61: 
_ _ _ _ _ _ _ _ _ _ _ _ _ _ _ _ _ _ _ _ _ _ _ _ _ _ _ _ _ _ _ _ _ _ _ _ _ _ _ _ 
.venv/lib/python3.13/site-packages/starlette/testclient.py:556: in post
    return super().post(
.venv/lib/python3.13/site-packages/httpx2/_client.py:1204: in post
    return self.request(
.venv/lib/python3.13/site-packages/starlette/testclient.py:455: in request
    return super().request(
.venv/lib/python3.13/site-packages/httpx2/_client.py:797: in request
    return self.send(request, auth=auth, follow_redirects=follow_redirects)
           ^^^^^^^^^^^^^^^^^^^^^^^^^^^^^^^^^^^^^^^^^^^^^^^^^^^^^^^^^^^^^^^^
.venv/lib/python3.13/site-packages/httpx2/_client.py:980: in send
    response = self._send_handling_auth(
.venv/lib/python3.13/site-packages/httpx2/_client.py:1008: in _send_handling_auth
    response = self._send_handling_redirects(
.venv/lib/python3.13/site-packages/httpx2/_client.py:1043: in _send_handling_redirects
    response = self._send_single_request(request)
               ^^^^^^^^^^^^^^^^^^^^^^^^^^^^^^^^^^
.venv/lib/python3.13/site-packages/httpx2/_client.py:1076: in _send_single_request
    response = transport.handle_request(request)
               ^^^^^^^^^^^^^^^^^^^^^^^^^^^^^^^^^
.venv/lib/python3.13/site-packages/starlette/testclient.py:354: in handle_request
    raise exc
.venv/lib/python3.13/site-packages/starlette/testclient.py:351: in handle_request
    portal.call(self.app, scope, receive, send)
.venv/lib/python3.13/site-packages/anyio/from_thread.py:338: in call
    return cast(T_Retval, self.start_task_soon(func, *args).result())
                          ^^^^^^^^^^^^^^^^^^^^^^^^^^^^^^^^^^^^^^^^^^
../../../.local/share/uv/python/cpython-3.13.15-macos-x86_64-none/lib/python3.13/concurrent/futures/_base.py:460: in result
    return self.__get_result()
           ^^^^^^^^^^^^^^^^^^^
../../../.local/share/uv/python/cpython-3.13.15-macos-x86_64-none/lib/python3.13/concurrent/futures/_base.py:402: in __get_result
    raise self._exception
.venv/lib/python3.13/site-packages/anyio/from_thread.py:263: in _call_func
    retval = await retval_or_awaitable
             ^^^^^^^^^^^^^^^^^^^^^^^^^
.venv/lib/python3.13/site-packages/fastapi/applications.py:1163: in __call__
    await super().__call__(scope, receive, send)
.venv/lib/python3.13/site-packages/starlette/applications.py:96: in __call__
    await self.middleware_stack(scope, receive, send)
.venv/lib/python3.13/site-packages/starlette/middleware/errors.py:186: in __call__
    raise exc
.venv/lib/python3.13/site-packages/starlette/middleware/errors.py:164: in __call__
    await self.app(scope, receive, _send)
.venv/lib/python3.13/site-packages/starlette/middleware/base.py:193: in __call__
    response = await self.dispatch_func(request, call_next)
               ^^^^^^^^^^^^^^^^^^^^^^^^^^^^^^^^^^^^^^^^^^^^
src/spg/api/authority.py:145: in authority_middleware
    owner = uow.session.execute(select(authority_memberships.c.role).where(
.venv/lib/python3.13/site-packages/sqlalchemy/orm/session.py:2373: in execute
    return self._execute_internal(
.venv/lib/python3.13/site-packages/sqlalchemy/orm/session.py:2280: in _execute_internal
    result = conn.execute(
.venv/lib/python3.13/site-packages/sqlalchemy/engine/base.py:1421: in execute
    return meth(
.venv/lib/python3.13/site-packages/sqlalchemy/sql/elements.py:526: in _execute_on_connection
    return connection._execute_clauseelement(
.venv/lib/python3.13/site-packages/sqlalchemy/engine/base.py:1643: in _execute_clauseelement
    ret = self._execute_context(
.venv/lib/python3.13/site-packages/sqlalchemy/engine/base.py:1848: in _execute_context
    return self._exec_single_context(
.venv/lib/python3.13/site-packages/sqlalchemy/engine/base.py:1988: in _exec_single_context
    self._handle_dbapi_exception(
.venv/lib/python3.13/site-packages/sqlalchemy/engine/base.py:2365: in _handle_dbapi_exception
    raise sqlalchemy_exception.with_traceback(exc_info[2]) from e
.venv/lib/python3.13/site-packages/sqlalchemy/engine/base.py:1969: in _exec_single_context
    self.dialect.do_execute(
.venv/lib/python3.13/site-packages/sqlalchemy/engine/default.py:952: in do_execute
    cursor.execute(statement, parameters)
_ _ _ _ _ _ _ _ _ _ _ _ _ _ _ _ _ _ _ _ _ _ _ _ _ _ _ _ _ _ _ _ _ _ _ _ _ _ _ _ 

self = <psycopg.Cursor [closed] [IDLE] (host=127.0.0.1 port=55438 user=postgres database=spg_lifecycle_integration) at 0x1136acb90>
query = 'SELECT authority_memberships.role \nFROM authority_memberships \nWHERE authority_memberships.organization_id = %(organization_id_1)s::VARCHAR AND authority_memberships.actor_id = %(actor_id_1)s::VARCHAR'
params = {'organization_id_1': 'organization:default', 'actor_id_1': 'human:owner'}
prepare = None, binary = None

    def execute(
        self,
        query: Query,
        params: Params | None = None,
        *,
        prepare: bool | None = None,
        binary: bool | None = None,
    ) -> Self:
        """
        Execute a query or command to the database.
        """
        try:
            with self._conn.lock:
                self._conn.wait(
                    self._execute_gen(query, params, prepare=prepare, binary=binary)
                )
        except e._NO_TRACEBACK as ex:
>           raise ex.with_traceback(None)
E           sqlalchemy.exc.ProgrammingError: (psycopg.errors.UndefinedTable) relation "authority_memberships" does not exist
E           LINE 2: FROM authority_memberships 
E                        ^
E           [SQL: SELECT authority_memberships.role 
E           FROM authority_memberships 
E           WHERE authority_memberships.organization_id = %(organization_id_1)s::VARCHAR AND authority_memberships.actor_id = %(actor_id_1)s::VARCHAR]
E           [parameters: {'organization_id_1': 'organization:default', 'actor_id_1': 'human:owner'}]
E           (Background on this error at: https://sqlalche.me/e/20/f405)

.venv/lib/python3.13/site-packages/psycopg/cursor.py:117: ProgrammingError
=========================== short test summary info ============================
FAILED tests/integration/test_authenticated_authority.py::test_server_derives_actor_and_checks_resource_access
FAILED tests/integration/test_authenticated_authority.py::test_session_cookie_requires_same_origin_for_governed_post
!!!!!!!!!!!!!!!!!!!!!!!!!!!!!! KeyboardInterrupt !!!!!!!!!!!!!!!!!!!!!!!!!!!!!!!
/Users/yu/Documents/dev/software-production-platform/.venv/lib/python3.13/site-packages/psycopg/cursor.py:117: KeyboardInterrupt
(to show a full traceback on KeyboardInterrupt use --full-trace)
2 failed, 27 passed in 154.38s (0:02:34)
