✔ formal UI registry exposes Industrial Cyan and preserves five future asset dogfood references (18.862401ms)
✔ appearance preferences persist locally without mutating product Reality (4.107717ms)
✔ planned skins cannot be selected and corrupted preferences recover safely (2.660376ms)
✔ stable workspace preserves the four semantic surface slots across collapse cycles (2.663673ms)
✔ focus is temporary emphasis and returns to the unchanged four-surface order (2.542129ms)
✔ external research shows current search and credential-blocked state in Interaction (8.878664ms)
✔ early Workspace projects a candidate without fabricating Work or production (9.627359ms)
✔ first Send opens provisional Workspace and a confirmed Motive latches it (1.499803ms)
✔ New Work clears every selected-Work projection and hides stale result actions (2.080181ms)
✔ Agenda follows the governed Steering path, including its actual step labels (0.81735ms)
✔ Agenda groups consecutive governed steps without losing their detail or current state (1.751743ms)
✔ Agenda closes Deliver when the authoritative Work projection is complete (28.695267ms)
✔ Work Plan Projection shows goal, current stage, remaining path, and latest governed change (2.754675ms)
✔ Work Plan Projection never invents stages without Steering Reality (3.845884ms)
✔ Production state maps observed queue and attempt facts without invented progress (3.789242ms)
✔ inspection stays a single read-only floating workspace with multi-file controls (1.428082ms)
✔ machine controls belong to Production and Human authority actions belong to Actions (5.116553ms)
✔ Candidate review shows one action matching the governed preview kind (5.399867ms)
✔ conversation sidebar does not retain governed revision controls (2.767877ms)
✔ latest turn has exactly one surface owner through stream, handoff, and next turn (3.342911ms)
✔ V4 Current Interaction is on-demand, floating, and conversation-only (1.193158ms)
✔ V4.1 anchors the message-only Current Interaction above the composer (1.421776ms)
✔ V4.1 exposes one governed pre-Work admission action outside the message body (3.412259ms)
✔ V4 composer state keeps a draft but collapses after either send (4.332119ms)
✔ V4 attention badge and Actions derive from the same executable Human operations (1.184164ms)
✔ Production follows the current Work revision instead of a completed prior cycle (0.898648ms)
✔ a completed branch-preparation attempt is not the new feature's production (0.440454ms)
✔ Production details are disclosed, while Actions contain only contextual controls (2.394247ms)
✔ repository acquisition UI exposes persisted intermediate states and governed retry (3.213798ms)
✔ Work revision admission is rendered once through its authoritative panel (0.854638ms)
✔ Self-Refine provides Work and platform incident lists with evidence detail (2.29515ms)
✔ P1 Product/Work history and operator health render from persisted API facts (66.869912ms)
✔ response presentation keeps a bounded composable extension seam (16.126836ms)
✔ plain response parsing separates prose and simple lists without HTML interpretation (2.873276ms)
✔ UI-07 maps every admitted Work status to clear product language (11.021019ms)
✔ UI-09 through UI-11 expose only bounded status actions (1.716951ms)
✔ UI-04 and UI-05 preserve useful intake summaries (2.68215ms)
✔ UI-14 through UI-16 do not invent result evidence (0.721445ms)
✔ UI-08 through UI-13 use safe DOM rendering and observational polling (5.443566ms)
✔ ORCH-20 polling observes only and stops at Human or terminal states (0.733043ms)
✔ execution progress shows activity without inventing a percentage (0.716734ms)
✔ Control Room Slice 1 projects only existing Work, WIC, Runtime, and Attention Reality (1.307145ms)
✔ Control Room Slice 1 does not infer missing or cross-Work Reality (1.220153ms)
✔ Control Room Slice 1 preserves completed satisfaction without creating attention (0.737697ms)
✔ Control Room Slice 2 keeps Human, interpreted, and governed WIC Reality distinct (3.142818ms)
✔ Control Room Slice 2 projects pending Human authority without admitting Reality (0.549078ms)
✔ Control Room Slice 2 exposes stale and unresolved assessment conditions (0.465174ms)
✔ Control Room Slice 2 remains explicit when no WIC Reality matches the Work (0.283653ms)
✔ Control Room Slice 3 projects current direction from exact Steering Reality (0.832287ms)
✔ Control Room Slice 3 preserves blockers and missing Plan Reality (0.412224ms)
✔ Control Room Slice 3 explains a trusted result active at its baseline (0.587797ms)
✔ Control Room Slice 3 does not hide trusted baseline and Active Runtime divergence (0.289438ms)
✔ Human Review application identity never becomes trusted application activation (0.247298ms)
✔ Control Room Slice 3 keeps incomplete and unverified Reality explicit (0.240576ms)
✔ Work Composer restores drafts without persisting a stale expanded UI state (46.440223ms)
✔ pre-Work composer keeps messaging separate from explicit governed admission (16.253363ms)
✔ WIC Slice 4 exposes Human-governed Work transition controls only (1.276001ms)
✔ explicit New Work entry clears restored context without creating Work authority (3.036165ms)
✔ active Work interaction keeps revision admission explicit and Human governed (3.47375ms)
✔ streaming assistant output occupies one message lifecycle until persisted truth arrives (1.427626ms)
✔ Turn subscription precedes projection refresh; fast completion cannot overwrite saved truth (112.781687ms)
✔ messages queued while POST is in flight wait for persisted COMPLETED, exactly once (25.566495ms)
✔ uncertain delivery remains visible and survives refresh without an automatic retry (5.287445ms)
✔ automatic Turn recovery discards interrupted text and settles one preserved Turn (6.242133ms)
✔ failed replies pause later messages, keeping exact content for explicit resume (5.014249ms)
✔ a recoverable failed turn retries the saved turn without resubmitting Human input (3.638768ms)
✔ switching conversations ignores stale deltas and leaves the prior queue isolated (17.645157ms)
✔ controlled WIC response events evolve one bubble and suppress duplicate replay (10.221241ms)
✔ refresh during Deep WIC rebuilds provisional text without duplication (4.966102ms)
✔ SSE disconnect falls back to observation and drains once after saved completion (15.936828ms)
✔ restored queues pause, interrupted sends remain uncertain, and failed bases never auto-drain (0.344504ms)
✔ stream bursts repaint one message per frame and preserve historical DOM nodes (19.880788ms)
✔ Production projection reports truthful Steering capability and native queue states (0.428133ms)
✔ governed response deltas paint one received chunk per frame (9.345156ms)
✔ queue capacity leaves the unsent draft intact (4.922009ms)
✔ a rejected POST pauses for explicit retry and never loses the message (3.780515ms)
✔ a reply completing during Refresh drains its queued message when busy clears (41.394614ms)
ℹ tests 77
ℹ suites 0
ℹ pass 77
ℹ fail 0
ℹ cancelled 0
ℹ skipped 0
ℹ todo 0
ℹ duration_ms 2363.596067
