Traceback (most recent call last):
  File "/Users/yu/Documents/dev/software-production-platform/benchmarks/golden/runtime/oracle.py", line 305, in <module>
    if __name__=='__main__': main()
                             ~~~~^^
  File "/Users/yu/Documents/dev/software-production-platform/benchmarks/golden/runtime/oracle.py", line 79, in main
    meta=json.loads(read(prefix+'/candidate-preview',{}))
                    ~~~~^^^^^^^^^^^^^^^^^^^^^^^^^^^^^^^^
  File "/Users/yu/Documents/dev/software-production-platform/benchmarks/golden/runtime/oracle.py", line 64, in read
    return urllib.request.urlopen(request,timeout=20).read().decode()
           ~~~~~~~~~~~~~~~~~~~~~~^^^^^^^^^^^^^^^^^^^^
  File "/Users/yu/.local/share/uv/python/cpython-3.13.15-macos-x86_64-none/lib/python3.13/urllib/request.py", line 189, in urlopen
    return opener.open(url, data, timeout)
           ~~~~~~~~~~~^^^^^^^^^^^^^^^^^^^^
  File "/Users/yu/.local/share/uv/python/cpython-3.13.15-macos-x86_64-none/lib/python3.13/urllib/request.py", line 489, in open
    response = self._open(req, data)
  File "/Users/yu/.local/share/uv/python/cpython-3.13.15-macos-x86_64-none/lib/python3.13/urllib/request.py", line 506, in _open
    result = self._call_chain(self.handle_open, protocol, protocol +
                              '_open', req)
  File "/Users/yu/.local/share/uv/python/cpython-3.13.15-macos-x86_64-none/lib/python3.13/urllib/request.py", line 466, in _call_chain
    result = func(*args)
  File "/Users/yu/.local/share/uv/python/cpython-3.13.15-macos-x86_64-none/lib/python3.13/urllib/request.py", line 1347, in http_open
    return self.do_open(http.client.HTTPConnection, req)
           ~~~~~~~~~~~~^^^^^^^^^^^^^^^^^^^^^^^^^^^^^^^^^
  File "/Users/yu/.local/share/uv/python/cpython-3.13.15-macos-x86_64-none/lib/python3.13/urllib/request.py", line 1322, in do_open
    r = h.getresponse()
  File "/Users/yu/.local/share/uv/python/cpython-3.13.15-macos-x86_64-none/lib/python3.13/http/client.py", line 1478, in getresponse
    response.begin()
    ~~~~~~~~~~~~~~^^
  File "/Users/yu/.local/share/uv/python/cpython-3.13.15-macos-x86_64-none/lib/python3.13/http/client.py", line 343, in begin
    version, status, reason = self._read_status()
                              ~~~~~~~~~~~~~~~~~^^
  File "/Users/yu/.local/share/uv/python/cpython-3.13.15-macos-x86_64-none/lib/python3.13/http/client.py", line 312, in _read_status
    raise RemoteDisconnected("Remote end closed connection without"
                             " response")
http.client.RemoteDisconnected: Remote end closed connection without response
