============================= test session starts ==============================
platform linux -- Python 3.13.16, pytest-9.1.1, pluggy-1.6.0
rootdir: /qualification
configfile: pyproject.toml
plugins: anyio-4.14.2
collected 53 items

tests/integration/test_c3_fulfillment_receipts.py ...................... [ 41%]
FFFFFFF..                                                                [ 58%]
tests/integration/test_c1_contract_continuity.py ......................  [100%]

=================================== FAILURES ===================================
_ test_predecode_feedback_recovers_from_postgresql_and_rejects_identity_drift[complete-prefix-None] _
tests/integration/test_c3_fulfillment_receipts.py:419: in test_predecode_feedback_recovers_from_postgresql_and_rejects_identity_drift
    assert 'ASSURANCE' in raw_operands['not_evaluable']
E   AssertionError: assert 'ASSURANCE' in ['ORIGINAL_WIRE_OWNER_OPERANDS']
---------------------------- Captured stderr setup -----------------------------
INFO  [alembic.runtime.migration] Context impl PostgresqlImpl.
INFO  [alembic.runtime.migration] Will assume transactional DDL.
_ test_predecode_feedback_recovers_from_postgresql_and_rejects_identity_drift[complete-prefix-feedback] _
tests/integration/test_c3_fulfillment_receipts.py:419: in test_predecode_feedback_recovers_from_postgresql_and_rejects_identity_drift
    assert 'ASSURANCE' in raw_operands['not_evaluable']
E   AssertionError: assert 'ASSURANCE' in ['ORIGINAL_WIRE_OWNER_OPERANDS']
---------------------------- Captured stderr setup -----------------------------
INFO  [alembic.runtime.migration] Context impl PostgresqlImpl.
INFO  [alembic.runtime.migration] Will assume transactional DDL.
_ test_predecode_feedback_recovers_from_postgresql_and_rejects_identity_drift[complete-prefix-response-receipt] _
tests/integration/test_c3_fulfillment_receipts.py:419: in test_predecode_feedback_recovers_from_postgresql_and_rejects_identity_drift
    assert 'ASSURANCE' in raw_operands['not_evaluable']
E   AssertionError: assert 'ASSURANCE' in ['ORIGINAL_WIRE_OWNER_OPERANDS']
---------------------------- Captured stderr setup -----------------------------
INFO  [alembic.runtime.migration] Context impl PostgresqlImpl.
INFO  [alembic.runtime.migration] Will assume transactional DDL.
_ test_predecode_feedback_recovers_from_postgresql_and_rejects_identity_drift[complete-prefix-scope-inventory] _
tests/integration/test_c3_fulfillment_receipts.py:419: in test_predecode_feedback_recovers_from_postgresql_and_rejects_identity_drift
    assert 'ASSURANCE' in raw_operands['not_evaluable']
E   AssertionError: assert 'ASSURANCE' in ['ORIGINAL_WIRE_OWNER_OPERANDS']
---------------------------- Captured stderr setup -----------------------------
INFO  [alembic.runtime.migration] Context impl PostgresqlImpl.
INFO  [alembic.runtime.migration] Will assume transactional DDL.
_ test_predecode_feedback_recovers_from_postgresql_and_rejects_identity_drift[complete-prefix-owner-precondition] _
tests/integration/test_c3_fulfillment_receipts.py:419: in test_predecode_feedback_recovers_from_postgresql_and_rejects_identity_drift
    assert 'ASSURANCE' in raw_operands['not_evaluable']
E   AssertionError: assert 'ASSURANCE' in ['ORIGINAL_WIRE_OWNER_OPERANDS']
---------------------------- Captured stderr setup -----------------------------
INFO  [alembic.runtime.migration] Context impl PostgresqlImpl.
INFO  [alembic.runtime.migration] Will assume transactional DDL.
_ test_predecode_feedback_recovers_from_postgresql_and_rejects_identity_drift[complete-prefix-initial-prerequisite] _
tests/integration/test_c3_fulfillment_receipts.py:419: in test_predecode_feedback_recovers_from_postgresql_and_rejects_identity_drift
    assert 'ASSURANCE' in raw_operands['not_evaluable']
E   AssertionError: assert 'ASSURANCE' in ['ORIGINAL_WIRE_OWNER_OPERANDS']
---------------------------- Captured stderr setup -----------------------------
INFO  [alembic.runtime.migration] Context impl PostgresqlImpl.
INFO  [alembic.runtime.migration] Will assume transactional DDL.
_ test_predecode_feedback_recovers_from_postgresql_and_rejects_identity_drift[complete-prefix-raw-owner-observation] _
tests/integration/test_c3_fulfillment_receipts.py:419: in test_predecode_feedback_recovers_from_postgresql_and_rejects_identity_drift
    assert 'ASSURANCE' in raw_operands['not_evaluable']
E   AssertionError: assert 'ASSURANCE' in ['ORIGINAL_WIRE_OWNER_OPERANDS']
---------------------------- Captured stderr setup -----------------------------
INFO  [alembic.runtime.migration] Context impl PostgresqlImpl.
INFO  [alembic.runtime.migration] Will assume transactional DDL.
----------------- generated xml file: /c3-evidence/result.xml ------------------
=========================== short test summary info ============================
FAILED tests/integration/test_c3_fulfillment_receipts.py::test_predecode_feedback_recovers_from_postgresql_and_rejects_identity_drift[complete-prefix-None]
FAILED tests/integration/test_c3_fulfillment_receipts.py::test_predecode_feedback_recovers_from_postgresql_and_rejects_identity_drift[complete-prefix-feedback]
FAILED tests/integration/test_c3_fulfillment_receipts.py::test_predecode_feedback_recovers_from_postgresql_and_rejects_identity_drift[complete-prefix-response-receipt]
FAILED tests/integration/test_c3_fulfillment_receipts.py::test_predecode_feedback_recovers_from_postgresql_and_rejects_identity_drift[complete-prefix-scope-inventory]
FAILED tests/integration/test_c3_fulfillment_receipts.py::test_predecode_feedback_recovers_from_postgresql_and_rejects_identity_drift[complete-prefix-owner-precondition]
FAILED tests/integration/test_c3_fulfillment_receipts.py::test_predecode_feedback_recovers_from_postgresql_and_rejects_identity_drift[complete-prefix-initial-prerequisite]
FAILED tests/integration/test_c3_fulfillment_receipts.py::test_predecode_feedback_recovers_from_postgresql_and_rejects_identity_drift[complete-prefix-raw-owner-observation]
=================== 7 failed, 46 passed in 190.72s (0:03:10) ===================
