........................................................................ [  8%]
........................................................................ [ 17%]
........................................................................ [ 26%]
........................................................................ [ 35%]
........................................................................ [ 44%]
........................................................................ [ 53%]
........................................................................ [ 62%]
........................................................................ [ 71%]
........................................................................ [ 80%]
........................................................................ [ 89%]
........................................................................ [ 98%]
..............                                                           [100%]
=============================== warnings summary ===============================
tests/test_c3_semantic_contract_calibration.py::test_negative_file_component_preserves_original_exclusion_and_requires_real_diff
  /opt/spg-venv/lib/python3.13/site-packages/pydantic/main.py:475: UserWarning: Pydantic serializer warnings:
    PydanticSerializationUnexpectedValue(Expected `str` - serialized value may not be as expected [field_name='value', input_value=['external release'], input_type=list])
    PydanticSerializationUnexpectedValue(Expected `int` - serialized value may not be as expected [field_name='value', input_value=['external release'], input_type=list])
    PydanticSerializationUnexpectedValue(Expected `float` - serialized value may not be as expected [field_name='value', input_value=['external release'], input_type=list])
    PydanticSerializationUnexpectedValue(Expected `bool` - serialized value may not be as expected [field_name='value', input_value=['external release'], input_type=list])
    PydanticSerializationUnexpectedValue(Expected `tuple[Union[str, int, float, bool], ...]` - serialized value may not be as expected [field_name='value', input_value=['external release'], input_type=list])
    return self.__pydantic_serializer__.to_python(

tests/test_c3_generation_owner_domains.py::test_v3_literal_scope_claim_keeps_qualifiers_and_requires_independent_component_review[qualifiers0]
tests/test_c3_generation_owner_domains.py::test_v3_literal_scope_claim_keeps_qualifiers_and_requires_independent_component_review[qualifiers1]
tests/test_c3_generation_owner_domains.py::test_v3_literal_scope_claim_keeps_qualifiers_and_requires_independent_component_review[qualifiers2]
  /opt/spg-venv/lib/python3.13/site-packages/pydantic/main.py:475: UserWarning: Pydantic serializer warnings:
    PydanticSerializationUnexpectedValue(Expected `str` - serialized value may not be as expected [field_name='value', input_value=['index.html'], input_type=list])
    PydanticSerializationUnexpectedValue(Expected `int` - serialized value may not be as expected [field_name='value', input_value=['index.html'], input_type=list])
    PydanticSerializationUnexpectedValue(Expected `float` - serialized value may not be as expected [field_name='value', input_value=['index.html'], input_type=list])
    PydanticSerializationUnexpectedValue(Expected `bool` - serialized value may not be as expected [field_name='value', input_value=['index.html'], input_type=list])
    PydanticSerializationUnexpectedValue(Expected `tuple[Union[str, int, float, bool], ...]` - serialized value may not be as expected [field_name='value', input_value=['index.html'], input_type=list])
    return self.__pydantic_serializer__.to_python(

-- Docs: https://docs.pytest.org/en/stable/how-to/capture-warnings.html
806 passed, 4 warnings in 307.11s (0:05:07)
