============================= test session starts ==============================
platform linux -- Python 3.13.16, pytest-9.1.1, pluggy-1.6.0
rootdir: /qualification
configfile: pyproject.toml
plugins: anyio-4.14.2
collected 40 items

tests/integration/test_c3_fulfillment_receipts.py .................F.... [ 55%]
...F.......F....                                                         [ 95%]
tests/integration/test_c1_contract_continuity.py ..                      [100%]

=================================== FAILURES ===================================
_ test_predecode_feedback_recovers_from_postgresql_and_rejects_identity_drift[predecode-selection-input-contract] _
tests/integration/test_c3_fulfillment_receipts.py:492: in test_predecode_feedback_recovers_from_postgresql_and_rejects_identity_drift
    result = form_fulfillment_projection(revision, ir, provider=provider, database=postgres_database,
/opt/spg-venv/lib/python3.13/site-packages/spg/application/governed_obligations.py:2914: in form_fulfillment_projection
    return _form_fulfillment_projection(revision, ir, **arguments)
           ^^^^^^^^^^^^^^^^^^^^^^^^^^^^^^^^^^^^^^^^^^^^^^^^^^^^^^^
/opt/spg-venv/lib/python3.13/site-packages/spg/application/governed_obligations.py:3024: in _form_fulfillment_projection
    _validate_wire_feedback_lineage(rows, revision, ir, inventory, capabilities)
/opt/spg-venv/lib/python3.13/site-packages/spg/application/governed_obligations.py:2572: in _validate_wire_feedback_lineage
    or preconditions != _owner_source_preconditions(revision, ir, inventory, capabilities,
/opt/spg-venv/lib/python3.13/site-packages/spg/application/governed_obligations.py:1926: in _owner_source_preconditions
    raise ValueError("OBLIGATION_FORMATION_REQUEST_VIEW_CONTRACT_INVALID")
E   ValueError: OBLIGATION_FORMATION_REQUEST_VIEW_CONTRACT_INVALID
---------------------------- Captured stderr setup -----------------------------
INFO  [alembic.runtime.migration] Context impl PostgresqlImpl.
INFO  [alembic.runtime.migration] Will assume transactional DDL.
_ test_predecode_feedback_recovers_from_postgresql_and_rejects_identity_drift[canonical-selection-input-contract] _
tests/integration/test_c3_fulfillment_receipts.py:492: in test_predecode_feedback_recovers_from_postgresql_and_rejects_identity_drift
    result = form_fulfillment_projection(revision, ir, provider=provider, database=postgres_database,
/opt/spg-venv/lib/python3.13/site-packages/spg/application/governed_obligations.py:2914: in form_fulfillment_projection
    return _form_fulfillment_projection(revision, ir, **arguments)
           ^^^^^^^^^^^^^^^^^^^^^^^^^^^^^^^^^^^^^^^^^^^^^^^^^^^^^^^
/opt/spg-venv/lib/python3.13/site-packages/spg/application/governed_obligations.py:3024: in _form_fulfillment_projection
    _validate_wire_feedback_lineage(rows, revision, ir, inventory, capabilities)
/opt/spg-venv/lib/python3.13/site-packages/spg/application/governed_obligations.py:2572: in _validate_wire_feedback_lineage
    or preconditions != _owner_source_preconditions(revision, ir, inventory, capabilities,
/opt/spg-venv/lib/python3.13/site-packages/spg/application/governed_obligations.py:1926: in _owner_source_preconditions
    raise ValueError("OBLIGATION_FORMATION_REQUEST_VIEW_CONTRACT_INVALID")
E   ValueError: OBLIGATION_FORMATION_REQUEST_VIEW_CONTRACT_INVALID
---------------------------- Captured stderr setup -----------------------------
INFO  [alembic.runtime.migration] Context impl PostgresqlImpl.
INFO  [alembic.runtime.migration] Will assume transactional DDL.
_ test_predecode_feedback_recovers_from_postgresql_and_rejects_identity_drift[complete-prefix-selection-input-contract] _
tests/integration/test_c3_fulfillment_receipts.py:492: in test_predecode_feedback_recovers_from_postgresql_and_rejects_identity_drift
    result = form_fulfillment_projection(revision, ir, provider=provider, database=postgres_database,
/opt/spg-venv/lib/python3.13/site-packages/spg/application/governed_obligations.py:2914: in form_fulfillment_projection
    return _form_fulfillment_projection(revision, ir, **arguments)
           ^^^^^^^^^^^^^^^^^^^^^^^^^^^^^^^^^^^^^^^^^^^^^^^^^^^^^^^
/opt/spg-venv/lib/python3.13/site-packages/spg/application/governed_obligations.py:3024: in _form_fulfillment_projection
    _validate_wire_feedback_lineage(rows, revision, ir, inventory, capabilities)
/opt/spg-venv/lib/python3.13/site-packages/spg/application/governed_obligations.py:2572: in _validate_wire_feedback_lineage
    or preconditions != _owner_source_preconditions(revision, ir, inventory, capabilities,
/opt/spg-venv/lib/python3.13/site-packages/spg/application/governed_obligations.py:1926: in _owner_source_preconditions
    raise ValueError("OBLIGATION_FORMATION_REQUEST_VIEW_CONTRACT_INVALID")
E   ValueError: OBLIGATION_FORMATION_REQUEST_VIEW_CONTRACT_INVALID
---------------------------- Captured stderr setup -----------------------------
INFO  [alembic.runtime.migration] Context impl PostgresqlImpl.
INFO  [alembic.runtime.migration] Will assume transactional DDL.
----------------- generated xml file: /c3-evidence/result.xml ------------------
=========================== short test summary info ============================
FAILED tests/integration/test_c3_fulfillment_receipts.py::test_predecode_feedback_recovers_from_postgresql_and_rejects_identity_drift[predecode-selection-input-contract]
FAILED tests/integration/test_c3_fulfillment_receipts.py::test_predecode_feedback_recovers_from_postgresql_and_rejects_identity_drift[canonical-selection-input-contract]
FAILED tests/integration/test_c3_fulfillment_receipts.py::test_predecode_feedback_recovers_from_postgresql_and_rejects_identity_drift[complete-prefix-selection-input-contract]
=================== 3 failed, 37 passed in 299.14s (0:04:59) ===================
