......................F..........                                        [100%]
=================================== FAILURES ===================================
_ test_negative_scope_values_never_become_positive_allowlist_and_actual_diff_stays_exact _
tests/test_c3_source_consumption_proof.py:234: in test_negative_scope_values_never_become_positive_allowlist_and_actual_diff_stays_exact
    assert _exact_fact_git_scope(reference, binding, ("index.html",), ("index.html",),
E   AssertionError: assert False
E    +  where False = <function _exact_fact_git_scope at 0x7f546142d080>(SemanticFactReference(fact_id=UUID('7a19829d-169d-4d35-9c83-da041d9e42ff'), subject='unchanged-excluded-paths', relati...<SemanticEpistemicStatus.CONFIRMED: 'CONFIRMED'>, source_work_revision_id=UUID('c2dc8349-4027-40cd-8d52-06c6ae7be5c3')), FulfillmentBinding(fact_id=UUID('7a19829d-169d-4d35-9c83-da041d9e42ff'), source_kind=<FulfillmentSourceKind.FACT: 'FAC... boundary.', linked_fact_refs=('semantic-fact:7a19829d-169d-4d35-9c83-da041d9e42ff',)), state='BOUND_PENDING_EVIDENCE'), ('index.html',), ('index.html',), revision=namespace(id=UUID('c2dc8349-4027-40cd-8d52-06c6ae7be5c3'), work_id=UUID('b4379ada-56b3-4fcb-8d10-285e80f9e293'), sourc...bbbbbbbbbbbbbbbbbbbbbbbbbbbbbbbbbbbbbbbbbbbbbbbbbbbbbbbbb', source_revision='aaaaaaaaaaaaaaaaaaaaaaaaaaaaaaaaaaaaaaaa'), ir=namespace(id=UUID('97203026-81ee-476d-bab9-85f94ea315fc'), items=(SemanticItem(item_id='governed-boundary', kind=<Sema...nce_required=True, delivery_authorized=False, unresolved=(), unresolved_arguments=()),), legacy_typed_projection=False), bindings=(FulfillmentBinding(fact_id=UUID('21db6647-2544-4812-8aba-aebf6f98f832'), source_kind=<FulfillmentSourceKind.FACT: 'FA... source_component_quote='后续集成必须等待 Human 明确授权；现在仅准备可审查的候选。', linked_fact_refs=()), state='BOUND_PENDING_EVIDENCE'), ...))
=============================== warnings summary ===============================
tests/test_c3_semantic_contract_calibration.py::test_negative_file_component_preserves_original_exclusion_and_requires_real_diff
  /opt/spg-venv/lib/python3.13/site-packages/pydantic/main.py:475: UserWarning: Pydantic serializer warnings:
    PydanticSerializationUnexpectedValue(Expected `str` - serialized value may not be as expected [field_name='value', input_value=['external release'], input_type=list])
    PydanticSerializationUnexpectedValue(Expected `int` - serialized value may not be as expected [field_name='value', input_value=['external release'], input_type=list])
    PydanticSerializationUnexpectedValue(Expected `float` - serialized value may not be as expected [field_name='value', input_value=['external release'], input_type=list])
    PydanticSerializationUnexpectedValue(Expected `bool` - serialized value may not be as expected [field_name='value', input_value=['external release'], input_type=list])
    PydanticSerializationUnexpectedValue(Expected `tuple[Union[str, int, float, bool], ...]` - serialized value may not be as expected [field_name='value', input_value=['external release'], input_type=list])
    return self.__pydantic_serializer__.to_python(

-- Docs: https://docs.pytest.org/en/stable/how-to/capture-warnings.html
=========================== short test summary info ============================
FAILED tests/test_c3_source_consumption_proof.py::test_negative_scope_values_never_become_positive_allowlist_and_actual_diff_stays_exact
1 failed, 32 passed, 1 warning in 16.02s
