============================= test session starts ==============================
platform linux -- Python 3.13.16, pytest-9.1.1, pluggy-1.6.0
rootdir: /dev-input
configfile: pyproject.toml
plugins: anyio-4.14.2
collected 136 items

tests/test_c3_source_role_contract.py ........FFF                        [  8%]
tests/test_c3_owner_repair_preconditions.py ............................ [ 28%]
.........................                                                [ 47%]
tests/test_c3_fulfillment_repair_context.py ............................ [ 67%]
..                                                                       [ 69%]
tests/test_c3_fulfillment_components.py ..............                   [ 79%]
tests/test_c3_admitted_source_facets.py ............................     [100%]

=================================== FAILURES ===================================
_ test_source_role_contract_is_bound_to_original_wire_preconditions_on_replay[v1] _
tests/test_c3_source_role_contract.py:150: in test_source_role_contract_is_bound_to_original_wire_preconditions_on_replay
    assert all(b.state != "UNRESOLVED" for b in run())
                                                ^^^^^
E   TypeError: 'ModelFulfillmentCandidateProvider' object is not callable
_ test_source_role_contract_is_bound_to_original_wire_preconditions_on_replay[removed] _
tests/test_c3_source_role_contract.py:150: in test_source_role_contract_is_bound_to_original_wire_preconditions_on_replay
    assert all(b.state != "UNRESOLVED" for b in run())
                                                ^^^^^
E   TypeError: 'ModelFulfillmentCandidateProvider' object is not callable
_ test_source_role_contract_is_bound_to_original_wire_preconditions_on_replay[unsupported] _
tests/test_c3_source_role_contract.py:150: in test_source_role_contract_is_bound_to_original_wire_preconditions_on_replay
    assert all(b.state != "UNRESOLVED" for b in run())
                                                ^^^^^
E   TypeError: 'ModelFulfillmentCandidateProvider' object is not callable
--------------------- generated xml file: /out/result.xml ----------------------
=========================== short test summary info ============================
FAILED tests/test_c3_source_role_contract.py::test_source_role_contract_is_bound_to_original_wire_preconditions_on_replay[v1]
FAILED tests/test_c3_source_role_contract.py::test_source_role_contract_is_bound_to_original_wire_preconditions_on_replay[removed]
FAILED tests/test_c3_source_role_contract.py::test_source_role_contract_is_bound_to_original_wire_preconditions_on_replay[unsupported]
======================== 3 failed, 133 passed in 9.01s =========================
