============================= test session starts ==============================
platform linux -- Python 3.13.16, pytest-9.1.1, pluggy-1.6.0
rootdir: /dev-input
configfile: pyproject.toml
plugins: anyio-4.14.2
collected 392 items / 1 error

==================================== ERRORS ====================================
____________ ERROR collecting tests/test_c3_route_scoped_review.py _____________
ImportError while importing test module '/dev-input/tests/test_c3_route_scoped_review.py'.
Hint: make sure your test modules/packages have valid Python names.
Traceback:
/usr/local/lib/python3.13/importlib/__init__.py:88: in import_module
    return _bootstrap._gcd_import(name[level:], package, level)
           ^^^^^^^^^^^^^^^^^^^^^^^^^^^^^^^^^^^^^^^^^^^^^^^^^^^^
tests/test_c3_route_scoped_review.py:6: in <module>
    from jsonschema import Draft202012Validator
E   ModuleNotFoundError: No module named 'jsonschema'
--------------------- generated xml file: /out/result.xml ----------------------
=========================== short test summary info ============================
ERROR tests/test_c3_route_scoped_review.py
!!!!!!!!!!!!!!!!!!!! Interrupted: 1 error during collection !!!!!!!!!!!!!!!!!!!!
=============================== 1 error in 9.73s ===============================
