============================= test session starts ==============================
platform linux -- Python 3.13.16, pytest-9.1.1, pluggy-1.6.0
rootdir: /dev-input
configfile: pyproject.toml
plugins: anyio-4.14.2
collected 421 items

tests/test_c3_generation_binding_prerequisites.py ......F.               [  1%]
tests/test_c3_route_scoped_review.py .....................               [  6%]
tests/test_c3_generation_projection_economy.py ......................... [ 12%]
.............................                                            [ 19%]
tests/test_c3_fulfillment_capacity_representation.py ................... [ 24%]
..................................                                       [ 32%]
tests/test_c3_owner_repair_preconditions.py ............................ [ 38%]
....................F....                                                [ 44%]
tests/test_c3_generation_owner_domains.py .............................. [ 52%]
........................................................F....            [ 66%]
tests/test_c3_source_role_contract.py .................                  [ 70%]
tests/test_c3_fulfillment_repair_context.py ..........FF................ [ 77%]
..................                                                       [ 81%]
tests/test_c3_fulfillment_wire_feedback.py ............................. [ 88%]
.........                                                                [ 90%]
tests/test_c3_semantic_contract_calibration.py ......................... [ 96%]
...............                                                          [100%]

=================================== FAILURES ===================================
___ test_conditional_background_is_not_forbidden_and_unknown_is_not_guessed ____
tests/test_c3_generation_binding_prerequisites.py:66: in test_conditional_background_is_not_forbidden_and_unknown_is_not_guessed
    choice = next(row for row in choices if inventory["sources"][row["source"]]["kind"] == "IR_CLAUSE")
             ^^^^^^^^^^^^^^^^^^^^^^^^^^^^^^^^^^^^^^^^^^^^^^^^^^^^^^^^^^^^^^^^^^^^^^^^^^^^^^^^^^^^^^^^^^
E   StopIteration
_____ test_old_operandless_receipts_replay_without_feedback_identity_drift _____
tests/test_c3_owner_repair_preconditions.py:438: in test_old_operandless_receipts_replay_without_feedback_identity_drift
    assert all(b.state!='UNRESOLVED' for b in run())
E   assert False
E    +  where False = all(<generator object test_old_operandless_receipts_replay_without_feedback_identity_drift.<locals>.<genexpr> at 0x7f32096382b0>)
_ test_v10_and_historical_v9_conflict_stop_replay_preserves_budget_receipts_and_peer_identity[True] _
tests/test_c3_generation_owner_domains.py:1054: in test_v10_and_historical_v9_conflict_stop_replay_preserves_budget_receipts_and_peer_identity
    assert result[0].formation_receipt["terminal_reason"]=="OBLIGATION_PROJECTION_CONFLICTING_DISPOSITION"
E   AssertionError: assert 'OBLIGATION_F...TRACT_INVALID' == 'OBLIGATION_P...G_DISPOSITION'
E     
E     - OBLIGATION_PROJECTION_CONFLICTING_DISPOSITION
E     + OBLIGATION_FORMATION_REQUEST_VIEW_CONTRACT_INVALID
_ test_historical_located_feedback_replays_exact_bytes_without_new_calls[existing-owner-typed-prerequisites-v6] _
tests/test_c3_fulfillment_repair_context.py:237: in test_historical_located_feedback_replays_exact_bytes_without_new_calls
    assert all(b.state!='UNRESOLVED' for b in run())
E   assert False
E    +  where False = all(<generator object test_historical_located_feedback_replays_exact_bytes_without_new_calls.<locals>.<genexpr> at 0x7f32090a41e0>)
_ test_historical_located_feedback_replays_exact_bytes_without_new_calls[existing-owner-typed-prerequisites-v7] _
tests/test_c3_fulfillment_repair_context.py:237: in test_historical_located_feedback_replays_exact_bytes_without_new_calls
    assert all(b.state!='UNRESOLVED' for b in run())
E   assert False
E    +  where False = all(<generator object test_historical_located_feedback_replays_exact_bytes_without_new_calls.<locals>.<genexpr> at 0x7f320909e400>)
=============================== warnings summary ===============================
tests/test_c3_route_scoped_review.py::test_independent_comparison_preserves_all_meaning_but_proposer_claims_cannot_change_request[small]
tests/test_c3_route_scoped_review.py::test_independent_comparison_preserves_all_meaning_but_proposer_claims_cannot_change_request[medium]
tests/test_c3_route_scoped_review.py::test_independent_comparison_preserves_all_meaning_but_proposer_claims_cannot_change_request[complex]
  tests/test_c3_route_scoped_review.py:96: PytestWarning: record_property is incompatible with junit_family 'xunit2' (use 'legacy' or 'xunit1')
    @pytest.mark.parametrize("scale", ("small", "medium", "complex"))

tests/test_c3_generation_projection_economy.py::test_independent_review_shares_contracts_without_losing_components_or_semantics[small]
tests/test_c3_generation_projection_economy.py::test_independent_review_shares_contracts_without_losing_components_or_semantics[medium]
tests/test_c3_generation_projection_economy.py::test_independent_review_shares_contracts_without_losing_components_or_semantics[complex]
  tests/test_c3_generation_projection_economy.py:11: PytestWarning: record_property is incompatible with junit_family 'xunit2' (use 'legacy' or 'xunit1')
    @pytest.mark.parametrize("scale", ("small", "medium", "complex"))

tests/test_c3_generation_projection_economy.py::test_primary_meaning_view_keeps_complete_owner_choices_without_duplicating_a_checklist[small]
tests/test_c3_generation_projection_economy.py::test_primary_meaning_view_keeps_complete_owner_choices_without_duplicating_a_checklist[medium]
tests/test_c3_generation_projection_economy.py::test_primary_meaning_view_keeps_complete_owner_choices_without_duplicating_a_checklist[complex]
  tests/test_c3_generation_projection_economy.py:182: PytestWarning: record_property is incompatible with junit_family 'xunit2' (use 'legacy' or 'xunit1')
    @pytest.mark.parametrize('scale', ['small', 'medium', 'complex'])

tests/test_c3_generation_projection_economy.py::test_new_request_reuses_canonical_domains_and_full_owner_proofs[small]
tests/test_c3_generation_projection_economy.py::test_new_request_reuses_canonical_domains_and_full_owner_proofs[medium]
tests/test_c3_generation_projection_economy.py::test_new_request_reuses_canonical_domains_and_full_owner_proofs[complex]
  tests/test_c3_generation_projection_economy.py:421: PytestWarning: record_property is incompatible with junit_family 'xunit2' (use 'legacy' or 'xunit1')
    @pytest.mark.parametrize("scale", ["small", "medium", "complex"])

tests/test_c3_fulfillment_capacity_representation.py::test_independent_review_reuses_wire_without_losing_any_component[small]
tests/test_c3_fulfillment_capacity_representation.py::test_independent_review_reuses_wire_without_losing_any_component[medium]
tests/test_c3_fulfillment_capacity_representation.py::test_independent_review_reuses_wire_without_losing_any_component[complex]
  tests/test_c3_fulfillment_capacity_representation.py:167: PytestWarning: record_property is incompatible with junit_family 'xunit2' (use 'legacy' or 'xunit1')
    @pytest.mark.parametrize('scale', ('small','medium','complex'))

tests/test_c3_fulfillment_capacity_representation.py::test_compact_representation_preserves_complete_inventory_and_existing_owners[small]
tests/test_c3_fulfillment_capacity_representation.py::test_compact_representation_preserves_complete_inventory_and_existing_owners[medium]
tests/test_c3_fulfillment_capacity_representation.py::test_compact_representation_preserves_complete_inventory_and_existing_owners[complex]
  tests/test_c3_fulfillment_capacity_representation.py:232: PytestWarning: record_property is incompatible with junit_family 'xunit2' (use 'legacy' or 'xunit1')
    @pytest.mark.parametrize("scale", ("small", "medium", "complex"))

tests/test_c3_generation_owner_domains.py::test_v3_literal_scope_claim_keeps_qualifiers_and_requires_independent_component_review[qualifiers0]
tests/test_c3_generation_owner_domains.py::test_v3_literal_scope_claim_keeps_qualifiers_and_requires_independent_component_review[qualifiers1]
tests/test_c3_generation_owner_domains.py::test_v3_literal_scope_claim_keeps_qualifiers_and_requires_independent_component_review[qualifiers2]
  /opt/spg-venv/lib/python3.13/site-packages/pydantic/main.py:475: UserWarning: Pydantic serializer warnings:
    PydanticSerializationUnexpectedValue(Expected `str` - serialized value may not be as expected [field_name='value', input_value=['index.html'], input_type=list])
    PydanticSerializationUnexpectedValue(Expected `int` - serialized value may not be as expected [field_name='value', input_value=['index.html'], input_type=list])
    PydanticSerializationUnexpectedValue(Expected `float` - serialized value may not be as expected [field_name='value', input_value=['index.html'], input_type=list])
    PydanticSerializationUnexpectedValue(Expected `bool` - serialized value may not be as expected [field_name='value', input_value=['index.html'], input_type=list])
    PydanticSerializationUnexpectedValue(Expected `tuple[Union[str, int, float, bool], ...]` - serialized value may not be as expected [field_name='value', input_value=['index.html'], input_type=list])
    return self.__pydantic_serializer__.to_python(

tests/test_c3_semantic_contract_calibration.py::test_negative_file_component_preserves_original_exclusion_and_requires_real_diff
  /opt/spg-venv/lib/python3.13/site-packages/pydantic/main.py:475: UserWarning: Pydantic serializer warnings:
    PydanticSerializationUnexpectedValue(Expected `str` - serialized value may not be as expected [field_name='value', input_value=['external release'], input_type=list])
    PydanticSerializationUnexpectedValue(Expected `int` - serialized value may not be as expected [field_name='value', input_value=['external release'], input_type=list])
    PydanticSerializationUnexpectedValue(Expected `float` - serialized value may not be as expected [field_name='value', input_value=['external release'], input_type=list])
    PydanticSerializationUnexpectedValue(Expected `bool` - serialized value may not be as expected [field_name='value', input_value=['external release'], input_type=list])
    PydanticSerializationUnexpectedValue(Expected `tuple[Union[str, int, float, bool], ...]` - serialized value may not be as expected [field_name='value', input_value=['external release'], input_type=list])
    return self.__pydantic_serializer__.to_python(

-- Docs: https://docs.pytest.org/en/stable/how-to/capture-warnings.html
--------------------- generated xml file: /out/result.xml ----------------------
=========================== short test summary info ============================
FAILED tests/test_c3_generation_binding_prerequisites.py::test_conditional_background_is_not_forbidden_and_unknown_is_not_guessed
FAILED tests/test_c3_owner_repair_preconditions.py::test_old_operandless_receipts_replay_without_feedback_identity_drift
FAILED tests/test_c3_generation_owner_domains.py::test_v10_and_historical_v9_conflict_stop_replay_preserves_budget_receipts_and_peer_identity[True]
FAILED tests/test_c3_fulfillment_repair_context.py::test_historical_located_feedback_replays_exact_bytes_without_new_calls[existing-owner-typed-prerequisites-v6]
FAILED tests/test_c3_fulfillment_repair_context.py::test_historical_located_feedback_replays_exact_bytes_without_new_calls[existing-owner-typed-prerequisites-v7]
============ 5 failed, 416 passed, 22 warnings in 123.26s (0:02:03) ============
