 Container watt-stability-golden-v14-native-worker-1 Stopping 
 Container watt-stability-golden-v14-native-worker-secondary-1 Stopping 
 Container watt-stability-golden-v14-native-coordinator-1 Stopping 
 Container watt-stability-golden-v14-native-coordinator-1 Stopped 
 Container watt-stability-golden-v14-native-coordinator-1 Removing 
 Container watt-stability-golden-v14-native-coordinator-1 Removed 
 Container watt-stability-golden-v14-native-worker-secondary-1 Stopped 
 Container watt-stability-golden-v14-native-worker-secondary-1 Removing 
 Container watt-stability-golden-v14-native-worker-secondary-1 Removed 
 Container watt-stability-golden-v14-native-worker-1 Stopped 
 Container watt-stability-golden-v14-native-worker-1 Removing 
 Container watt-stability-golden-v14-native-worker-1 Removed 
 Container watt-stability-golden-v14-app-1 Stopping 
 Container watt-stability-golden-v14-native-tool-host-1 Stopping 
 Container watt-stability-golden-v14-native-tool-host-1 Stopped 
 Container watt-stability-golden-v14-native-tool-host-1 Removing 
 Container watt-stability-golden-v14-native-tool-host-1 Removed 
 Container watt-stability-golden-v14-app-1 Stopped 
 Container watt-stability-golden-v14-app-1 Removing 
 Container watt-stability-golden-v14-app-1 Removed 
 Container watt-stability-golden-v14-postgres-1 Stopping 
 Container watt-stability-golden-v14-postgres-1 Stopped 
 Container watt-stability-golden-v14-postgres-1 Removing 
 Container watt-stability-golden-v14-postgres-1 Removed 
 Network watt-stability-golden-v14_control Removing 
 Network watt-stability-golden-v14_executor Removing 
 Network watt-stability-golden-v14_executor Removed 
 Network watt-stability-golden-v14_control Removed 
