✔ formal UI registry exposes Industrial Cyan and preserves five future asset dogfood references (7.660014ms)
✔ appearance preferences persist locally without mutating product Reality (2.521381ms)
✔ planned skins cannot be selected and corrupted preferences recover safely (2.838633ms)
✔ stable workspace preserves the four semantic surface slots across collapse cycles (2.320391ms)
✔ focus is temporary emphasis and returns to the unchanged four-surface order (1.750362ms)
✔ external research shows current search and credential-blocked state in Interaction (3.873296ms)
✔ early Workspace projects a candidate without fabricating Work or production (19.24409ms)
✔ first Send opens provisional Workspace and a confirmed Motive latches it (4.680655ms)
✔ New Work clears every selected-Work projection and hides stale result actions (1.998405ms)
✔ Agenda follows the governed Steering path, including its actual step labels (0.703467ms)
✔ Agenda groups consecutive governed steps without losing their detail or current state (0.939039ms)
✔ Agenda closes Deliver when the authoritative Work projection is complete (0.508254ms)
✔ Work Plan Projection shows goal, current stage, remaining path, and latest governed change (0.836936ms)
✔ Work Plan Projection never invents stages without Steering Reality (1.703196ms)
✔ Production state maps observed queue and attempt facts without invented progress (3.707288ms)
✔ inspection stays a single read-only floating workspace with multi-file controls (0.978241ms)
✔ machine controls belong to Production and Human authority actions belong to Actions (2.191438ms)
✔ Candidate review shows one action matching the governed preview kind (0.982961ms)
✔ conversation sidebar does not retain governed revision controls (0.820301ms)
✔ latest turn has exactly one surface owner through stream, handoff, and next turn (0.780658ms)
✔ V4 Current Interaction is on-demand, floating, and conversation-only (1.023814ms)
✔ V4.1 anchors the message-only Current Interaction above the composer (0.836778ms)
✔ V4.1 exposes one governed pre-Work admission action outside the message body (2.90511ms)
✔ V4 composer state keeps a draft but collapses after either send (4.623162ms)
✔ V4 attention badge and Actions derive from the same executable Human operations (0.913825ms)
✔ Production follows the current Work revision instead of a completed prior cycle (0.825975ms)
✔ a completed branch-preparation attempt is not the new feature's production (0.399834ms)
✔ Production details are disclosed, while Actions contain only contextual controls (0.841598ms)
✔ repository acquisition UI exposes persisted intermediate states and governed retry (1.033813ms)
✔ Work revision admission is rendered once through its authoritative panel (0.272539ms)
✔ Self-Refine provides Work and platform incident lists with evidence detail (0.832866ms)
✔ P1 Product/Work history and operator health render from persisted API facts (38.313759ms)
✔ response presentation keeps a bounded composable extension seam (4.917594ms)
✔ plain response parsing separates prose and simple lists without HTML interpretation (1.67925ms)
✔ UI-07 maps every admitted Work status to clear product language (6.038893ms)
✔ UI-09 through UI-11 expose only bounded status actions (0.415761ms)
✔ UI-04 and UI-05 preserve useful intake summaries (1.3891ms)
✔ UI-14 through UI-16 do not invent result evidence (0.398874ms)
✔ UI-08 through UI-13 use safe DOM rendering and observational polling (3.237228ms)
✔ ORCH-20 polling observes only and stops at Human or terminal states (1.363385ms)
✔ execution progress shows activity without inventing a percentage (1.554704ms)
✔ Control Room Slice 1 projects only existing Work, WIC, Runtime, and Attention Reality (1.31492ms)
✔ Control Room Slice 1 does not infer missing or cross-Work Reality (0.569388ms)
✔ Control Room Slice 1 preserves completed satisfaction without creating attention (1.01342ms)
✔ Control Room Slice 2 keeps Human, interpreted, and governed WIC Reality distinct (1.109938ms)
✔ Control Room Slice 2 projects pending Human authority without admitting Reality (0.415702ms)
✔ Control Room Slice 2 exposes stale and unresolved assessment conditions (0.411395ms)
✔ Control Room Slice 2 remains explicit when no WIC Reality matches the Work (0.259514ms)
✔ Control Room Slice 3 projects current direction from exact Steering Reality (0.509979ms)
✔ Control Room Slice 3 preserves blockers and missing Plan Reality (0.37397ms)
✔ Control Room Slice 3 explains a trusted result active at its baseline (0.504531ms)
✔ Control Room Slice 3 does not hide trusted baseline and Active Runtime divergence (0.219182ms)
✔ Human Review application identity never becomes trusted application activation (10.547764ms)
✔ Control Room Slice 3 keeps incomplete and unverified Reality explicit (0.267173ms)
✔ Work Composer restores drafts without persisting a stale expanded UI state (1.293737ms)
✔ pre-Work composer keeps messaging separate from explicit governed admission (1.836016ms)
✔ WIC Slice 4 exposes Human-governed Work transition controls only (1.117875ms)
✔ explicit New Work entry clears restored context without creating Work authority (3.399353ms)
✔ active Work interaction keeps revision admission explicit and Human governed (5.324576ms)
✔ streaming assistant output occupies one message lifecycle until persisted truth arrives (1.291185ms)
✔ Turn subscription precedes projection refresh; fast completion cannot overwrite saved truth (17.505184ms)
✔ messages queued while POST is in flight wait for persisted COMPLETED, exactly once (13.324959ms)
✔ uncertain delivery remains visible and survives refresh without an automatic retry (2.922821ms)
✔ automatic Turn recovery discards interrupted text and settles one preserved Turn (6.244322ms)
✔ failed replies pause later messages, keeping exact content for explicit resume (3.333604ms)
✔ a recoverable failed turn retries the saved turn without resubmitting Human input (2.024891ms)
✔ switching conversations ignores stale deltas and leaves the prior queue isolated (6.379571ms)
✔ controlled WIC response events evolve one bubble and suppress duplicate replay (7.711672ms)
✔ refresh during Deep WIC rebuilds provisional text without duplication (2.082887ms)
✔ SSE disconnect falls back to observation and drains once after saved completion (2.917413ms)
✔ restored queues pause, interrupted sends remain uncertain, and failed bases never auto-drain (0.334195ms)
✔ stream bursts repaint one message per frame and preserve historical DOM nodes (4.71711ms)
✔ Production projection reports truthful Steering capability and native queue states (0.411275ms)
✔ governed response deltas paint one received chunk per frame (2.697162ms)
✔ queue capacity leaves the unsent draft intact (2.520412ms)
✔ a rejected POST pauses for explicit retry and never loses the message (2.654974ms)
✔ a reply completing during Refresh drains its queued message when busy clears (2.974355ms)
ℹ tests 77
ℹ suites 0
ℹ pass 77
ℹ fail 0
ℹ cancelled 0
ℹ skipped 0
ℹ todo 0
ℹ duration_ms 686.330973
