✔ formal UI registry exposes Industrial Cyan and preserves five future asset dogfood references (22.824961ms)
✔ appearance preferences persist locally without mutating product Reality (4.057064ms)
✔ planned skins cannot be selected and corrupted preferences recover safely (2.702262ms)
✔ stable workspace preserves the four semantic surface slots across collapse cycles (3.781944ms)
✔ focus is temporary emphasis and returns to the unchanged four-surface order (4.298361ms)
✔ external research shows current search and credential-blocked state in Interaction (24.927014ms)
✔ early Workspace projects a candidate without fabricating Work or production (9.683632ms)
✔ first Send opens provisional Workspace and a confirmed Motive latches it (1.909236ms)
✔ New Work clears every selected-Work projection and hides stale result actions (21.445498ms)
✔ Agenda follows the governed Steering path, including its actual step labels (1.902068ms)
✔ Agenda groups consecutive governed steps without losing their detail or current state (1.344455ms)
✔ Agenda closes Deliver when the authoritative Work projection is complete (1.596764ms)
✔ Work Plan Projection shows goal, current stage, remaining path, and latest governed change (2.936208ms)
✔ Work Plan Projection never invents stages without Steering Reality (2.590248ms)
✔ Production state maps observed queue and attempt facts without invented progress (11.054506ms)
✔ inspection stays a single read-only floating workspace with multi-file controls (1.143694ms)
✔ machine controls belong to Production and Human authority actions belong to Actions (4.597347ms)
✔ Candidate review shows one action matching the governed preview kind (8.143379ms)
✔ conversation sidebar does not retain governed revision controls (1.920954ms)
✔ latest turn has exactly one surface owner through stream, handoff, and next turn (1.412331ms)
✔ V4 Current Interaction is on-demand, floating, and conversation-only (1.66391ms)
✔ V4.1 anchors the message-only Current Interaction above the composer (2.835745ms)
✔ V4.1 exposes one governed pre-Work admission action outside the message body (4.876766ms)
✔ V4 composer state keeps a draft but collapses after either send (2.35592ms)
✔ V4 attention badge and Actions derive from the same executable Human operations (1.274432ms)
✔ Production follows the current Work revision instead of a completed prior cycle (0.735681ms)
✔ a completed branch-preparation attempt is not the new feature's production (0.367917ms)
✔ Production details are disclosed, while Actions contain only contextual controls (0.97443ms)
✔ repository acquisition UI exposes persisted intermediate states and governed retry (1.254372ms)
✔ Work revision admission is rendered once through its authoritative panel (0.346966ms)
✔ Self-Refine provides Work and platform incident lists with evidence detail (1.05844ms)
✔ P1 Product/Work history and operator health render from persisted API facts (46.158737ms)
✔ response presentation keeps a bounded composable extension seam (9.210279ms)
✔ plain response parsing separates prose and simple lists without HTML interpretation (1.470969ms)
✔ UI-07 maps every admitted Work status to clear product language (14.215358ms)
✔ UI-09 through UI-11 expose only bounded status actions (1.315263ms)
✔ UI-04 and UI-05 preserve useful intake summaries (2.67593ms)
✔ UI-14 through UI-16 do not invent result evidence (1.394304ms)
✔ UI-08 through UI-13 use safe DOM rendering and observational polling (5.887827ms)
✔ ORCH-20 polling observes only and stops at Human or terminal states (0.875724ms)
✔ execution progress shows activity without inventing a percentage (1.265933ms)
✔ Control Room Slice 1 projects only existing Work, WIC, Runtime, and Attention Reality (1.512727ms)
✔ Control Room Slice 1 does not infer missing or cross-Work Reality (0.664408ms)
✔ Control Room Slice 1 preserves completed satisfaction without creating attention (0.703577ms)
✔ Control Room Slice 2 keeps Human, interpreted, and governed WIC Reality distinct (1.688495ms)
✔ Control Room Slice 2 projects pending Human authority without admitting Reality (0.722755ms)
✔ Control Room Slice 2 exposes stale and unresolved assessment conditions (1.712682ms)
✔ Control Room Slice 2 remains explicit when no WIC Reality matches the Work (0.492606ms)
✔ Control Room Slice 3 projects current direction from exact Steering Reality (1.958768ms)
✔ Control Room Slice 3 preserves blockers and missing Plan Reality (1.514393ms)
✔ Control Room Slice 3 explains a trusted result active at its baseline (1.274793ms)
✔ Control Room Slice 3 does not hide trusted baseline and Active Runtime divergence (0.516072ms)
✔ Human Review application identity never becomes trusted application activation (0.443962ms)
✔ Control Room Slice 3 keeps incomplete and unverified Reality explicit (0.685909ms)
✔ Work Composer restores drafts without persisting a stale expanded UI state (1.634387ms)
✔ pre-Work composer keeps messaging separate from explicit governed admission (2.190195ms)
✔ WIC Slice 4 exposes Human-governed Work transition controls only (1.590818ms)
✔ explicit New Work entry clears restored context without creating Work authority (5.043351ms)
✔ active Work interaction keeps revision admission explicit and Human governed (1.186678ms)
✔ streaming assistant output occupies one message lifecycle until persisted truth arrives (1.36754ms)
✔ Turn subscription precedes projection refresh; fast completion cannot overwrite saved truth (22.963556ms)
✔ messages queued while POST is in flight wait for persisted COMPLETED, exactly once (10.197107ms)
✔ uncertain delivery remains visible and survives refresh without an automatic retry (3.966414ms)
✔ automatic Turn recovery discards interrupted text and settles one preserved Turn (4.832678ms)
✔ failed replies pause later messages, keeping exact content for explicit resume (10.00585ms)
✔ a recoverable failed turn retries the saved turn without resubmitting Human input (3.121294ms)
✔ switching conversations ignores stale deltas and leaves the prior queue isolated (3.554599ms)
✔ controlled WIC response events evolve one bubble and suppress duplicate replay (6.505131ms)
✔ refresh during Deep WIC rebuilds provisional text without duplication (4.278129ms)
✔ SSE disconnect falls back to observation and drains once after saved completion (3.500432ms)
✔ restored queues pause, interrupted sends remain uncertain, and failed bases never auto-drain (0.411816ms)
✔ stream bursts repaint one message per frame and preserve historical DOM nodes (8.316367ms)
✔ Production projection reports truthful Steering capability and native queue states (0.487721ms)
✔ governed response deltas paint one received chunk per frame (3.550977ms)
✔ queue capacity leaves the unsent draft intact (3.069293ms)
✔ a rejected POST pauses for explicit retry and never loses the message (2.732315ms)
✔ a reply completing during Refresh drains its queued message when busy clears (6.562925ms)
ℹ tests 77
ℹ suites 0
ℹ pass 77
ℹ fail 0
ℹ cancelled 0
ℹ skipped 0
ℹ todo 0
ℹ duration_ms 1037.175776
