============================= test session starts ==============================
platform linux -- Python 3.13.16, pytest-9.1.1, pluggy-1.6.0
rootdir: /dev-input
configfile: pyproject.toml
plugins: anyio-4.14.2
collected 168 items

tests/test_c3_generation_owner_domains.py .............................. [ 17%]
..                                                                       [ 19%]
tests/test_c3_source_role_contract.py ................                   [ 28%]
tests/test_c3_fulfillment_repair_context.py ........F..F................ [ 45%]
..............                                                           [ 53%]
tests/test_c3_fulfillment_wire_feedback.py ............................. [ 70%]
.........                                                                [ 76%]
tests/test_c3_semantic_contract_calibration.py ......................... [ 91%]
...............                                                          [100%]

=================================== FAILURES ===================================
_ test_located_gap_checkpoint_resumes_only_remaining_calls_and_preserves_original_receipts _
tests/test_c3_fulfillment_repair_context.py:198: in test_located_gap_checkpoint_resumes_only_remaining_calls_and_preserves_original_receipts
    assert all(b.state != 'UNRESOLVED' for b in result)
E   assert False
E    +  where False = all(<generator object test_located_gap_checkpoint_resumes_only_remaining_calls_and_preserves_original_receipts.<locals>.<genexpr> at 0x7f6a127ff5e0>)
_ test_located_gap_feedback_drift_is_rejected_before_any_repair_request[contract] _
tests/test_c3_fulfillment_repair_context.py:215: in test_located_gap_feedback_drift_is_rejected_before_any_repair_request
    else: payload.pop('coverage_observation_contract')
          ^^^^^^^^^^^^^^^^^^^^^^^^^^^^^^^^^^^^^^^^^^^^
E   KeyError: 'coverage_observation_contract'
=============================== warnings summary ===============================
tests/test_c3_semantic_contract_calibration.py::test_negative_file_component_preserves_original_exclusion_and_requires_real_diff
  /opt/spg-venv/lib/python3.13/site-packages/pydantic/main.py:475: UserWarning: Pydantic serializer warnings:
    PydanticSerializationUnexpectedValue(Expected `str` - serialized value may not be as expected [field_name='value', input_value=['external release'], input_type=list])
    PydanticSerializationUnexpectedValue(Expected `int` - serialized value may not be as expected [field_name='value', input_value=['external release'], input_type=list])
    PydanticSerializationUnexpectedValue(Expected `float` - serialized value may not be as expected [field_name='value', input_value=['external release'], input_type=list])
    PydanticSerializationUnexpectedValue(Expected `bool` - serialized value may not be as expected [field_name='value', input_value=['external release'], input_type=list])
    PydanticSerializationUnexpectedValue(Expected `tuple[Union[str, int, float, bool], ...]` - serialized value may not be as expected [field_name='value', input_value=['external release'], input_type=list])
    return self.__pydantic_serializer__.to_python(

-- Docs: https://docs.pytest.org/en/stable/how-to/capture-warnings.html
--------------------- generated xml file: /out/result.xml ----------------------
=========================== short test summary info ============================
FAILED tests/test_c3_fulfillment_repair_context.py::test_located_gap_checkpoint_resumes_only_remaining_calls_and_preserves_original_receipts
FAILED tests/test_c3_fulfillment_repair_context.py::test_located_gap_feedback_drift_is_rejected_before_any_repair_request[contract]
================== 2 failed, 166 passed, 1 warning in 14.99s ===================
